2015-05-31 03:33:14,923 [8] INFO  StatisticalSolutions.Controllers.Base.BaseController - Application URL - /StatisticalSolutions/ 
 2015-05-31 03:33:20,110 [20] INFO  StatisticalSolutions.Controllers.Base.BaseController - Application URL - /StatisticalSolutions/Workshop/Register 
 2015-05-31 03:34:47,390 [20] INFO  StatisticalSolutions.Controllers.Base.BaseController - Application URL - /StatisticalSolutions/Workshop/Register 
 2015-05-31 03:34:47,392 [20] ERROR StatisticalSolutions.Controllers.Base.BaseController - Statistical exception message - A space or line break was encountered after the "@" character.  Only valid identifiers, keywords, comments, "(" and "{" are valid at the start of a code block and they must occur immediately following "@" with no space in between.

 2015-05-31 03:34:47,393 [20] ERROR StatisticalSolutions.Controllers.Base.BaseController - Statistical exception stack trace -    at System.Web.WebPages.Razor.RazorBuildProvider.EnsureGeneratedCode()
   at System.Web.WebPages.Razor.RazorBuildProvider.get_CodeCompilerType()
   at System.Web.Compilation.BuildProvider.GetCompilerTypeFromBuildProvider(BuildProvider buildProvider)
   at System.Web.Compilation.BuildProvidersCompiler.ProcessBuildProviders()
   at System.Web.Compilation.BuildProvidersCompiler.PerformBuild()
   at System.Web.Compilation.BuildManager.CompileWebFile(VirtualPath virtualPath)
   at System.Web.Compilation.BuildManager.GetVPathBuildResultInternal(VirtualPath virtualPath, Boolean noBuild, Boolean allowCrossApp, Boolean allowBuildInPrecompile, Boolean throwIfNotFound, Boolean ensureIsUpToDate)
   at System.Web.Compilation.BuildManager.GetVPathBuildResultWithNoAssert(HttpContext context, VirtualPath virtualPath, Boolean noBuild, Boolean allowCrossApp, Boolean allowBuildInPrecompile, Boolean throwIfNotFound, Boolean ensureIsUpToDate)
   at System.Web.Compilation.BuildManager.GetObjectFactory(String virtualPath, Boolean throwIfNotFound)
   at System.Web.Mvc.BuildManagerWrapper.System.Web.Mvc.IBuildManager.FileExists(String virtualPath)
   at Microsoft.Web.Mvc.ViewEngineFixWorker`1.FileExists(ControllerContext controllerContext, String virtualPath)
   at System.Web.WebPages.DefaultDisplayMode.GetDisplayInfo(HttpContextBase httpContext, String virtualPath, Func`2 virtualPathExists)
   at System.Linq.Enumerable.WhereSelectListIterator`2.MoveNext()
   at System.Linq.Enumerable.FirstOrDefault[TSource](IEnumerable`1 source, Func`2 predicate)
   at System.Web.WebPages.DisplayModeProvider.GetDisplayInfoForVirtualPath(String virtualPath, HttpContextBase httpContext, Func`2 virtualPathExists, IDisplayMode currentDisplayMode)
   at Microsoft.Web.Mvc.ViewEngineFixWorker`1.GetPathFromGeneralName(ControllerContext controllerContext, List`1 locations, String name, String controllerName, String areaName, String cacheKey, String[]& searchedLocations)
   at Microsoft.Web.Mvc.ViewEngineFixWorker`1.GetPath(ControllerContext controllerContext, String[] locations, String[] areaLocations, String locationsPropertyName, String name, String controllerName, String cacheKeyPrefix, Boolean useCache, String[]& searchedLocations)
   at Microsoft.Web.Mvc.ViewEngineFixWorker`1.FindPartialView(ControllerContext controllerContext, String partialViewName, Boolean useCache)
   at System.Web.Mvc.ViewEngineCollection.Find(Func`2 lookup, Boolean trackSearchedPaths)
   at System.Web.Mvc.HtmlHelper.FindPartialView(ViewContext viewContext, String partialViewName, ViewEngineCollection viewEngineCollection)
   at System.Web.Mvc.HtmlHelper.RenderPartialInternal(String partialViewName, ViewDataDictionary viewData, Object model, TextWriter writer, ViewEngineCollection viewEngineCollection)
   at System.Web.Mvc.Html.PartialExtensions.Partial(HtmlHelper htmlHelper, String partialViewName, Object model, ViewDataDictionary viewData)
   at ASP._Page_Views_Workshop_Register_cshtml.Execute() in e:\Projects\3rdPartyProjects\StatisticalSolutions\StatisticalSolutions\Views\Workshop\Register.cshtml:line 17
   at System.Web.WebPages.WebPageBase.ExecutePageHierarchy()
   at System.Web.Mvc.WebViewPage.ExecutePageHierarchy()
   at System.Web.WebPages.StartPage.ExecutePageHierarchy()
   at System.Web.WebPages.WebPageBase.ExecutePageHierarchy(WebPageContext pageContext, TextWriter writer, WebPageRenderingBase startPage)
   at System.Web.Mvc.ViewResultBase.ExecuteResult(ControllerContext context)
   at System.Web.Mvc.ControllerActionInvoker.<>c__DisplayClass1a.<InvokeActionResultWithFilters>b__17()
   at System.Web.Mvc.ControllerActionInvoker.InvokeActionResultFilter(IResultFilter filter, ResultExecutingContext preContext, Func`1 continuation)
   at System.Web.Mvc.ControllerActionInvoker.InvokeActionResultFilter(IResultFilter filter, ResultExecutingContext preContext, Func`1 continuation)
   at System.Web.Mvc.ControllerActionInvoker.InvokeActionResultWithFilters(ControllerContext controllerContext, IList`1 filters, ActionResult actionResult)
   at System.Web.Mvc.Async.AsyncControllerActionInvoker.<>c__DisplayClass25.<BeginInvokeAction>b__22(IAsyncResult asyncResult)
 2015-05-31 03:34:47,465 [5] INFO  StatisticalSolutions.Controllers.Base.BaseController - Application URL - /StatisticalSolutions/Base/StatisticalError 
 2015-05-31 03:34:47,466 [5] INFO  StatisticalSolutions.Controllers.Base.BaseController - Application URL - /StatisticalSolutions/Base/StatisticalError 
 2015-05-31 03:34:49,613 [29] INFO  StatisticalSolutions.Controllers.Base.BaseController - Application URL - /StatisticalSolutions/Base/StatisticalError 
 2015-05-31 03:34:49,614 [29] INFO  StatisticalSolutions.Controllers.Base.BaseController - Application URL - /StatisticalSolutions/Base/StatisticalError 
 2015-05-31 03:34:53,731 [29] INFO  StatisticalSolutions.Controllers.Base.BaseController - Application URL - /StatisticalSolutions/Workshop/RegisterNow 
 2015-05-31 03:37:46,362 [43] INFO  StatisticalSolutions.Controllers.Base.BaseController - Application URL - /StatisticalSolutions/ 
 2015-05-31 03:37:52,395 [43] INFO  StatisticalSolutions.Controllers.Base.BaseController - Application URL - /StatisticalSolutions/Workshop/RegisterNow 
 2015-05-31 03:37:58,790 [43] ERROR StatisticalSolutions.Controllers.Base.BaseController - Function RegisterNow Error  - The model backing the 'StatisticalSolutionsContext' context has changed since the database was created. Consider using Code First Migrations to update the database (http://go.microsoft.com/fwlink/?LinkId=238269).
 2015-05-31 03:37:58,792 [43] ERROR StatisticalSolutions.Controllers.Base.BaseController - Statistical exception message - The model backing the 'StatisticalSolutionsContext' context has changed since the database was created. Consider using Code First Migrations to update the database (http://go.microsoft.com/fwlink/?LinkId=238269).
 System.InvalidOperationException: The model backing the 'StatisticalSolutionsContext' context has changed since the database was created. Consider using Code First Migrations to update the database (http://go.microsoft.com/fwlink/?LinkId=238269).
   at StatisticalSolutions.DataAccess.DAL.getseminaridbyname(String seminarTitle) in e:\Projects\3rdPartyProjects\StatisticalSolutions\StatisticalSolutions\DataAccess\DAL.cs:line 838
   at StatisticalSolutions.Controllers.WorkshopController.RegisterNow(String name) in e:\Projects\3rdPartyProjects\StatisticalSolutions\StatisticalSolutions\Controllers\WorkshopController.cs:line 230
2015-05-31 03:39:04,920 [43] INFO  StatisticalSolutions.Controllers.Base.BaseController - Application URL - /StatisticalSolutions/ 
 2015-05-31 03:39:11,426 [22] INFO  StatisticalSolutions.Controllers.Base.BaseController - Application URL - /StatisticalSolutions/Workshop/RegisterNow 
 2015-05-31 03:39:18,444 [22] ERROR StatisticalSolutions.Controllers.Base.BaseController - Function RegisterNow Error  - The model backing the 'StatisticalSolutionsContext' context has changed since the database was created. Consider using Code First Migrations to update the database (http://go.microsoft.com/fwlink/?LinkId=238269).
 2015-05-31 03:39:18,446 [22] ERROR StatisticalSolutions.Controllers.Base.BaseController - Statistical exception message - The model backing the 'StatisticalSolutionsContext' context has changed since the database was created. Consider using Code First Migrations to update the database (http://go.microsoft.com/fwlink/?LinkId=238269).
 System.InvalidOperationException: The model backing the 'StatisticalSolutionsContext' context has changed since the database was created. Consider using Code First Migrations to update the database (http://go.microsoft.com/fwlink/?LinkId=238269).
   at StatisticalSolutions.DataAccess.DAL.getseminaridbyname(String seminarTitle) in e:\Projects\3rdPartyProjects\StatisticalSolutions\StatisticalSolutions\DataAccess\DAL.cs:line 838
   at StatisticalSolutions.Controllers.WorkshopController.RegisterNow(String name) in e:\Projects\3rdPartyProjects\StatisticalSolutions\StatisticalSolutions\Controllers\WorkshopController.cs:line 230
2015-05-31 03:41:05,120 [21] INFO  StatisticalSolutions.Controllers.Base.BaseController - Application URL - /StatisticalSolutions/ 
 2015-05-31 03:41:11,197 [34] INFO  StatisticalSolutions.Controllers.Base.BaseController - Application URL - /StatisticalSolutions/Workshop/RegisterNow 
 2015-05-31 03:41:33,565 [37] INFO  StatisticalSolutions.Controllers.Base.BaseController - Application URL - /StatisticalSolutions/Workshop/Register 
 2015-05-31 03:41:33,748 [37] INFO  StatisticalSolutions.Controllers.Base.BaseController - Function Register - Insetion in regastration tablr 
 2015-05-31 03:42:19,531 [37] ERROR StatisticalSolutions.Controllers.Base.BaseController - Function Register Error  - An error occurred while updating the entries. See the inner exception for details.
 2015-05-31 03:42:19,534 [37] ERROR StatisticalSolutions.Controllers.Base.BaseController - Statistical exception message - An error occurred while updating the entries. See the inner exception for details.
 System.Data.Entity.Infrastructure.DbUpdateException: An error occurred while updating the entries. See the inner exception for details. ---> System.Data.Entity.Core.UpdateException: An error occurred while updating the entries. See the inner exception for details. ---> System.Data.SqlClient.SqlException: Cannot insert the value NULL into column 'Address1', table 'statisticalsolutions.dbo.students'; column does not allow nulls. INSERT fails.
The statement has been terminated.
   at System.Data.SqlClient.SqlConnection.OnError(SqlException exception, Boolean breakConnection, Action`1 wrapCloseInAction)
   at System.Data.SqlClient.TdsParser.ThrowExceptionAndWarning(TdsParserStateObject stateObj, Boolean callerHasConnectionLock, Boolean asyncClose)
   at System.Data.SqlClient.TdsParser.TryRun(RunBehavior runBehavior, SqlCommand cmdHandler, SqlDataReader dataStream, BulkCopySimpleResultSet bulkCopyHandler, TdsParserStateObject stateObj, Boolean& dataReady)
   at System.Data.SqlClient.SqlDataReader.TryConsumeMetaData()
   at System.Data.SqlClient.SqlDataReader.get_MetaData()
   at System.Data.SqlClient.SqlCommand.FinishExecuteReader(SqlDataReader ds, RunBehavior runBehavior, String resetOptionsString)
   at System.Data.SqlClient.SqlCommand.RunExecuteReaderTds(CommandBehavior cmdBehavior, RunBehavior runBehavior, Boolean returnStream, Boolean async, Int32 timeout, Task& task, Boolean asyncWrite, SqlDataReader ds)
   at System.Data.SqlClient.SqlCommand.RunExecuteReader(CommandBehavior cmdBehavior, RunBehavior runBehavior, Boolean returnStream, String method, TaskCompletionSource`1 completion, Int32 timeout, Task& task, Boolean asyncWrite)
   at System.Data.SqlClient.SqlCommand.RunExecuteReader(CommandBehavior cmdBehavior, RunBehavior runBehavior, Boolean returnStream, String method)
   at System.Data.SqlClient.SqlCommand.ExecuteReader(CommandBehavior behavior, String method)
   at System.Data.SqlClient.SqlCommand.ExecuteDbDataReader(CommandBehavior behavior)
   at System.Data.Entity.Infrastructure.Interception.InternalDispatcher`1.Dispatch[TTarget,TInterceptionContext,TResult](TTarget target, Func`3 operation, TInterceptionContext interceptionContext, Action`3 executing, Action`3 executed)
   at System.Data.Entity.Infrastructure.Interception.DbCommandDispatcher.Reader(DbCommand command, DbCommandInterceptionContext interceptionContext)
   at System.Data.Entity.Core.Mapping.Update.Internal.DynamicUpdateCommand.Execute(Dictionary`2 identifierValues, List`1 generatedValues)
   at System.Data.Entity.Core.Mapping.Update.Internal.UpdateTranslator.Update()
   --- End of inner exception stack trace ---
   at System.Data.Entity.Core.Mapping.Update.Internal.UpdateTranslator.Update()
   at System.Data.Entity.Core.Objects.ObjectContext.ExecuteInTransaction[T](Func`1 func, IDbExecutionStrategy executionStrategy, Boolean startLocalTransaction, Boolean releaseConnectionOnSuccess)
   at System.Data.Entity.Core.Objects.ObjectContext.SaveChangesToStore(SaveOptions options, IDbExecutionStrategy executionStrategy, Boolean startLocalTransaction)
   at System.Data.Entity.SqlServer.DefaultSqlExecutionStrategy.Execute[TResult](Func`1 operation)
   at System.Data.Entity.Core.Objects.ObjectContext.SaveChangesInternal(SaveOptions options, Boolean executeInExistingTransaction)
   at System.Data.Entity.Internal.InternalContext.SaveChanges()
   --- End of inner exception stack trace ---
   at StatisticalSolutions.DataAccess.DAL.registerforseminarbystudentandseminarid(registration model) in e:\Projects\3rdPartyProjects\StatisticalSolutions\StatisticalSolutions\DataAccess\DAL.cs:line 567
   at StatisticalSolutions.Controllers.WorkshopController.Register(registration model) in e:\Projects\3rdPartyProjects\StatisticalSolutions\StatisticalSolutions\Controllers\WorkshopController.cs:line 295
2015-05-31 03:43:22,607 [29] INFO  StatisticalSolutions.Controllers.Base.BaseController - Application URL - /StatisticalSolutions/ 
 2015-05-31 03:43:27,846 [29] INFO  StatisticalSolutions.Controllers.Base.BaseController - Application URL - /StatisticalSolutions/Workshop/RegisterNow 
 2015-05-31 03:43:47,867 [29] INFO  StatisticalSolutions.Controllers.Base.BaseController - Application URL - /StatisticalSolutions/Workshop/Register 
 2015-05-31 03:43:48,568 [29] INFO  StatisticalSolutions.Controllers.Base.BaseController - Function Register - Insetion in regastration tablr 
 2015-05-31 03:43:56,481 [29] INFO  StatisticalSolutions.Controllers.Base.BaseController - Function Register - Start of mail sending
 2015-05-31 03:43:57,305 [29] INFO  StatisticalSolutions.Controllers.Base.BaseController - Function Register - End of mail sending
 2015-05-31 03:52:13,446 [50] INFO  StatisticalSolutions.Controllers.Base.BaseController - Application URL - /StatisticalSolutions/ 
 2015-05-31 03:52:25,606 [50] INFO  StatisticalSolutions.Controllers.Base.BaseController - Application URL - /StatisticalSolutions/Workshop/Register 
 2015-05-31 03:52:38,709 [48] INFO  StatisticalSolutions.Controllers.Base.BaseController - Application URL - /StatisticalSolutions/Workshop/RegisterNow 
 2015-05-31 03:52:51,622 [50] INFO  StatisticalSolutions.Controllers.Base.BaseController - Application URL - /StatisticalSolutions/Workshop/Register 
 2015-05-31 03:52:51,990 [50] INFO  StatisticalSolutions.Controllers.Base.BaseController - Function Register - Insetion in regastration tablr 
 2015-05-31 03:52:59,567 [50] INFO  StatisticalSolutions.Controllers.Base.BaseController - Function Register - Start of mail sending
 2015-05-31 03:53:05,685 [50] INFO  StatisticalSolutions.Controllers.Base.BaseController - Function Register - End of mail sending
 2015-05-31 03:53:37,604 [50] INFO  StatisticalSolutions.Controllers.Base.BaseController - Application URL - /StatisticalSolutions/Workshop/Register 
 2015-05-31 03:53:37,607 [50] ERROR StatisticalSolutions.Controllers.Base.BaseController - Statistical exception message - Templates can be used only with field access, property access, single-dimension array index, or single-parameter custom indexer expressions.
 2015-05-31 03:53:37,607 [50] ERROR StatisticalSolutions.Controllers.Base.BaseController - Statistical exception stack trace -    at System.Web.Mvc.ModelMetadata.FromLambdaExpression[TParameter,TValue](Expression`1 expression, ViewDataDictionary`1 viewData, ModelMetadataProvider metadataProvider)
   at System.Web.Mvc.Html.TemplateHelpers.TemplateFor[TContainer,TValue](HtmlHelper`1 html, Expression`1 expression, String templateName, String htmlFieldName, DataBoundControlMode mode, Object additionalViewData, TemplateHelperDelegate templateHelper)
   at System.Web.Mvc.Html.TemplateHelpers.TemplateFor[TContainer,TValue](HtmlHelper`1 html, Expression`1 expression, String templateName, String htmlFieldName, DataBoundControlMode mode, Object additionalViewData)
   at System.Web.Mvc.Html.DisplayExtensions.DisplayFor[TModel,TValue](HtmlHelper`1 html, Expression`1 expression)
   at ASP._Page_Views_Workshop_RegisterComplete_cshtml.Execute() in e:\Projects\3rdPartyProjects\StatisticalSolutions\StatisticalSolutions\Views\Workshop\RegisterComplete.cshtml:line 42
   at System.Web.WebPages.WebPageBase.ExecutePageHierarchy()
   at System.Web.Mvc.WebViewPage.ExecutePageHierarchy()
   at System.Web.WebPages.StartPage.ExecutePageHierarchy()
   at System.Web.WebPages.WebPageBase.ExecutePageHierarchy(WebPageContext pageContext, TextWriter writer, WebPageRenderingBase startPage)
   at System.Web.Mvc.ViewResultBase.ExecuteResult(ControllerContext context)
   at System.Web.Mvc.ControllerActionInvoker.<>c__DisplayClass1a.<InvokeActionResultWithFilters>b__17()
   at System.Web.Mvc.ControllerActionInvoker.InvokeActionResultFilter(IResultFilter filter, ResultExecutingContext preContext, Func`1 continuation)
   at System.Web.Mvc.ControllerActionInvoker.InvokeActionResultFilter(IResultFilter filter, ResultExecutingContext preContext, Func`1 continuation)
   at System.Web.Mvc.ControllerActionInvoker.InvokeActionResultWithFilters(ControllerContext controllerContext, IList`1 filters, ActionResult actionResult)
   at System.Web.Mvc.Async.AsyncControllerActionInvoker.<>c__DisplayClass25.<BeginInvokeAction>b__22(IAsyncResult asyncResult)
 2015-05-31 03:54:52,047 [53] INFO  StatisticalSolutions.Controllers.Base.BaseController - Application URL - /StatisticalSolutions/ 
 2015-05-31 03:57:48,408 [10] INFO  StatisticalSolutions.Controllers.Base.BaseController - Application URL - /StatisticalSolutions/Workshop/RegisterNow 
 2015-05-31 03:58:05,981 [61] INFO  StatisticalSolutions.Controllers.Base.BaseController - Application URL - /StatisticalSolutions/Workshop/Register 
 2015-05-31 03:58:06,210 [61] INFO  StatisticalSolutions.Controllers.Base.BaseController - Function Register - Insetion in regastration tablr 
 2015-05-31 03:58:20,564 [61] INFO  StatisticalSolutions.Controllers.Base.BaseController - Function Register - Start of mail sending
 2015-05-31 03:58:22,717 [61] INFO  StatisticalSolutions.Controllers.Base.BaseController - Function Register - End of mail sending
 