2015-05-14 20:26:28,211 [9] INFO  StatisticalSolutions.Controllers.Base.BaseController - Application URL - /StatisticalSolutions/ 
 2015-05-14 20:36:55,448 [52] INFO  StatisticalSolutions.Controllers.Base.BaseController - Application URL - /StatisticalSolutions/ 
 2015-05-14 20:37:13,179 [52] INFO  StatisticalSolutions.Controllers.Base.BaseController - Application URL - /StatisticalSolutions/Home/ContactUsMail 
 2015-05-14 20:37:13,188 [52] INFO  StatisticalSolutions.Controllers.Base.BaseController - Function ContactUsMail - Start of mail sending
 2015-05-14 20:37:16,919 [54] INFO  StatisticalSolutions.Controllers.Base.BaseController - Application URL - /StatisticalSolutions/ 
 2015-05-14 20:39:31,427 [52] INFO  StatisticalSolutions.Controllers.Base.BaseController - Application URL - /StatisticalSolutions/Home/ContactUsMail 
 2015-05-14 20:39:31,428 [52] INFO  StatisticalSolutions.Controllers.Base.BaseController - Function ContactUsMail - Start of mail sending
 2015-05-14 20:44:38,785 [7] INFO  StatisticalSolutions.Controllers.Base.BaseController - Application URL - /StatisticalSolutions/ 
 2015-05-14 20:45:01,077 [52] INFO  StatisticalSolutions.Controllers.Base.BaseController - Application URL - /StatisticalSolutions/Home/ContactUsMail 
 2015-05-14 20:45:01,083 [52] INFO  StatisticalSolutions.Controllers.Base.BaseController - Function ContactUsMail - Start of mail sending
 2015-05-14 20:57:01,682 [8] INFO  StatisticalSolutions.Controllers.Base.BaseController - Application URL - /StatisticalSolutions/ 
 2015-05-14 20:57:46,944 [8] INFO  StatisticalSolutions.Controllers.Base.BaseController - Application URL - /StatisticalSolutions/Home/ContactUsMail 
 2015-05-14 20:57:46,950 [8] INFO  StatisticalSolutions.Controllers.Base.BaseController - Function ContactUsMail - Start of mail sending
 2015-05-14 20:58:15,213 [25] INFO  StatisticalSolutions.Controllers.Base.BaseController - Application URL - /StatisticalSolutions/ 
 2015-05-14 20:58:25,210 [26] INFO  StatisticalSolutions.Controllers.Base.BaseController - Application URL - /StatisticalSolutions/Home/ContactUsMail 
 2015-05-14 20:58:25,210 [26] INFO  StatisticalSolutions.Controllers.Base.BaseController - Function ContactUsMail - Start of mail sending
 2015-05-14 21:16:06,954 [72] INFO  StatisticalSolutions.Controllers.Base.BaseController - Application URL - /StatisticalSolutions/ 
 2015-05-14 21:19:16,339 [74] INFO  StatisticalSolutions.Controllers.Base.BaseController - Application URL - /StatisticalSolutions/Home/ContactUsMail 
 2015-05-14 21:19:16,344 [74] INFO  StatisticalSolutions.Controllers.Base.BaseController - Function ContactUsMail - Start of mail sending
 2015-05-14 21:19:22,931 [72] INFO  StatisticalSolutions.Controllers.Base.BaseController - Application URL - /StatisticalSolutions/ 
 2015-05-14 21:23:24,379 [74] INFO  StatisticalSolutions.Controllers.Base.BaseController - Application URL - /StatisticalSolutions/ 
 2015-05-14 21:23:56,361 [64] INFO  StatisticalSolutions.Controllers.Base.BaseController - Application URL - /StatisticalSolutions/Home/ContactUsMail 
 2015-05-14 21:23:56,368 [64] INFO  StatisticalSolutions.Controllers.Base.BaseController - Function ContactUsMail - Start of mail sending
 2015-05-14 21:24:27,888 [67] INFO  StatisticalSolutions.Controllers.Base.BaseController - Application URL - /StatisticalSolutions/ 
 2015-05-14 21:24:39,406 [76] INFO  StatisticalSolutions.Controllers.Base.BaseController - Application URL - /StatisticalSolutions/Home/ContactUsMail 
 2015-05-14 21:24:39,406 [76] INFO  StatisticalSolutions.Controllers.Base.BaseController - Function ContactUsMail - Start of mail sending
 2015-05-14 21:25:12,080 [57] INFO  StatisticalSolutions.Controllers.Base.BaseController - Application URL - /StatisticalSolutions/ 
 2015-05-14 21:34:36,653 [47] INFO  StatisticalSolutions.Controllers.Base.BaseController - Application URL - /StatisticalSolutions/ 
 2015-05-14 21:34:54,113 [42] INFO  StatisticalSolutions.Controllers.Base.BaseController - Application URL - /StatisticalSolutions/Home/ContactUsMail 
 2015-05-14 21:34:54,119 [42] INFO  StatisticalSolutions.Controllers.Base.BaseController - Function ContactUsMail - Start of mail sending
 2015-05-14 21:35:08,403 [42] INFO  StatisticalSolutions.Controllers.Base.BaseController - Function ContactUsMail - Insertion of message in table
 2015-05-14 21:35:16,182 [37] INFO  StatisticalSolutions.Controllers.Base.BaseController - Application URL - /StatisticalSolutions/ 
 2015-05-14 23:41:45,627 [7] INFO  StatisticalSolutions.Controllers.Base.BaseController - Application URL - /StatisticalSolutions/ 
 2015-05-14 23:42:01,871 [20] INFO  StatisticalSolutions.Controllers.Base.BaseController - Application URL - /StatisticalSolutions/Home/ContactUsMail 
 2015-05-14 23:42:01,877 [20] INFO  StatisticalSolutions.Controllers.Base.BaseController - Function ContactUsMail - Start of mail sending
 2015-05-14 23:42:33,061 [17] INFO  StatisticalSolutions.Controllers.Base.BaseController - Application URL - /StatisticalSolutions/ 
 2015-05-14 23:42:46,695 [19] INFO  StatisticalSolutions.Controllers.Base.BaseController - Application URL - /StatisticalSolutions/Home/ContactUsMail 
 2015-05-14 23:42:46,702 [19] INFO  StatisticalSolutions.Controllers.Base.BaseController - Function ContactUsMail - Start of mail sending
 2015-05-14 23:42:54,034 [24] INFO  StatisticalSolutions.Controllers.Base.BaseController - Application URL - /StatisticalSolutions/Home/ContactUsMail 
 2015-05-14 23:42:54,035 [24] INFO  StatisticalSolutions.Controllers.Base.BaseController - Function ContactUsMail - Start of mail sending
 2015-05-14 23:44:59,019 [41] INFO  StatisticalSolutions.Controllers.Base.BaseController - Application URL - /StatisticalSolutions/ 
 2015-05-14 23:45:12,660 [42] INFO  StatisticalSolutions.Controllers.Base.BaseController - Application URL - /StatisticalSolutions/Home/ContactUsMail 
 2015-05-14 23:45:12,667 [42] INFO  StatisticalSolutions.Controllers.Base.BaseController - Function ContactUsMail - Start of mail sending
 2015-05-14 23:45:19,735 [42] INFO  StatisticalSolutions.Controllers.Base.BaseController - Function ContactUsMail - Insertion of message in table
 2015-05-14 23:45:27,079 [40] INFO  StatisticalSolutions.Controllers.Base.BaseController - Application URL - /StatisticalSolutions/ 
 2015-05-14 23:45:38,605 [43] INFO  StatisticalSolutions.Controllers.Base.BaseController - Application URL - /StatisticalSolutions/Home/ContactUsMail 
 2015-05-14 23:45:38,606 [43] INFO  StatisticalSolutions.Controllers.Base.BaseController - Function ContactUsMail - Start of mail sending
 2015-05-14 23:46:51,954 [43] INFO  StatisticalSolutions.Controllers.Base.BaseController - Function ContactUsMail - Insertion of message in table
 2015-05-14 23:53:53,330 [17] INFO  StatisticalSolutions.Controllers.Base.BaseController - Application URL - /StatisticalSolutions/ 
 2015-05-14 23:54:10,824 [47] INFO  StatisticalSolutions.Controllers.Base.BaseController - Application URL - /StatisticalSolutions/Home/ContactUsMail 
 2015-05-14 23:54:10,829 [47] INFO  StatisticalSolutions.Controllers.Base.BaseController - Function ContactUsMail - Start of mail sending
 2015-05-14 23:54:15,703 [47] INFO  StatisticalSolutions.Controllers.Base.BaseController - Function ContactUsMail - Insertion of message in table
 2015-05-14 23:54:25,508 [17] INFO  StatisticalSolutions.Controllers.Base.BaseController - Application URL - /StatisticalSolutions/ 
 