2015-08-22 18:05:12,839 [7] INFO  LanguageInstitute.Controllers.Base.BaseController - Application URL - /LanguageInstitute/ 
 2015-08-22 18:05:13,319 [7] INFO  LanguageInstitute.Controllers.Base.BaseController - Application URL - /LanguageInstitute/ 
 2015-08-22 18:05:13,329 [7] ERROR LanguageInstitute.Controllers.Base.BaseController - Statistical exception message - The view 'Index' or its master was not found or no view engine supports the searched locations. The following locations were searched:
~/Views/Home/Index.aspx
~/Views/Home/Index.ascx
~/Views/Shared/Index.aspx
~/Views/Shared/Index.ascx
~/Views/Home/Index.cshtml
~/Views/Home/Index.vbhtml
~/Views/Shared/Index.cshtml
~/Views/Shared/Index.vbhtml
 2015-08-22 18:05:13,329 [7] ERROR LanguageInstitute.Controllers.Base.BaseController - Statistical exception stack trace -    at System.Web.Mvc.ViewResult.FindView(ControllerContext context)
   at System.Web.Mvc.ViewResultBase.ExecuteResult(ControllerContext context)
   at System.Web.Mvc.ControllerActionInvoker.<>c__DisplayClass1a.<InvokeActionResultWithFilters>b__17()
   at System.Web.Mvc.ControllerActionInvoker.InvokeActionResultFilter(IResultFilter filter, ResultExecutingContext preContext, Func`1 continuation)
   at System.Web.Mvc.ControllerActionInvoker.InvokeActionResultFilter(IResultFilter filter, ResultExecutingContext preContext, Func`1 continuation)
   at System.Web.Mvc.ControllerActionInvoker.InvokeActionResultWithFilters(ControllerContext controllerContext, IList`1 filters, ActionResult actionResult)
   at System.Web.Mvc.Async.AsyncControllerActionInvoker.<>c__DisplayClass25.<BeginInvokeAction>b__22(IAsyncResult asyncResult)
 2015-08-22 18:05:13,529 [8] INFO  LanguageInstitute.Controllers.Base.BaseController - Application URL - /LanguageInstitute/Base/StatisticalError 
 2015-08-22 18:05:13,529 [8] INFO  LanguageInstitute.Controllers.Base.BaseController - Application URL - /LanguageInstitute/Base/StatisticalError 
 2015-08-22 18:06:37,158 [11] INFO  LanguageInstitute.Controllers.Base.BaseController - Application URL - /LanguageInstitute/Base/StatisticalError 
 2015-08-22 18:06:37,158 [11] INFO  LanguageInstitute.Controllers.Base.BaseController - Application URL - /LanguageInstitute/Base/StatisticalError 
 2015-08-22 18:06:40,861 [6] INFO  LanguageInstitute.Controllers.Base.BaseController - Application URL - /LanguageInstitute/Base/StatisticalError 
 2015-08-22 18:06:40,861 [6] INFO  LanguageInstitute.Controllers.Base.BaseController - Application URL - /LanguageInstitute/Base/StatisticalError 
 2015-08-22 18:08:23,098 [20] INFO  LanguageInstitute.Controllers.Base.BaseController - Application URL - /LanguageInstitute/ 
 2015-08-22 18:08:28,478 [20] INFO  LanguageInstitute.Controllers.Base.BaseController - Application URL - /LanguageInstitute/ 
 2015-08-22 18:08:28,478 [20] ERROR LanguageInstitute.Controllers.Base.BaseController - Statistical exception message - The view 'Index' or its master was not found or no view engine supports the searched locations. The following locations were searched:
~/Views/Home/Index.aspx
~/Views/Home/Index.ascx
~/Views/Shared/Index.aspx
~/Views/Shared/Index.ascx
~/Views/Home/Index.cshtml
~/Views/Home/Index.vbhtml
~/Views/Shared/Index.cshtml
~/Views/Shared/Index.vbhtml
 2015-08-22 18:08:28,478 [20] ERROR LanguageInstitute.Controllers.Base.BaseController - Statistical exception stack trace -    at System.Web.Mvc.ViewResult.FindView(ControllerContext context)
   at System.Web.Mvc.ViewResultBase.ExecuteResult(ControllerContext context)
   at System.Web.Mvc.ControllerActionInvoker.<>c__DisplayClass1a.<InvokeActionResultWithFilters>b__17()
   at System.Web.Mvc.ControllerActionInvoker.InvokeActionResultFilter(IResultFilter filter, ResultExecutingContext preContext, Func`1 continuation)
   at System.Web.Mvc.ControllerActionInvoker.InvokeActionResultFilter(IResultFilter filter, ResultExecutingContext preContext, Func`1 continuation)
   at System.Web.Mvc.ControllerActionInvoker.InvokeActionResultWithFilters(ControllerContext controllerContext, IList`1 filters, ActionResult actionResult)
   at System.Web.Mvc.Async.AsyncControllerActionInvoker.<>c__DisplayClass25.<BeginInvokeAction>b__22(IAsyncResult asyncResult)
 2015-08-22 18:08:28,508 [8] INFO  LanguageInstitute.Controllers.Base.BaseController - Application URL - /LanguageInstitute/Base/StatisticalError 
 2015-08-22 18:08:28,508 [8] INFO  LanguageInstitute.Controllers.Base.BaseController - Application URL - /LanguageInstitute/Base/StatisticalError 
 2015-08-22 18:09:24,934 [20] INFO  LanguageInstitute.Controllers.Base.BaseController - Application URL - /LanguageInstitute/ 
 2015-08-22 18:09:26,697 [20] INFO  LanguageInstitute.Controllers.Base.BaseController - Application URL - /LanguageInstitute/ 
 2015-08-22 18:09:26,697 [20] ERROR LanguageInstitute.Controllers.Base.BaseController - Statistical exception message - The view 'Index' or its master was not found or no view engine supports the searched locations. The following locations were searched:
~/Views/Home/Index.aspx
~/Views/Home/Index.ascx
~/Views/Shared/Index.aspx
~/Views/Shared/Index.ascx
~/Views/Home/Index.cshtml
~/Views/Home/Index.vbhtml
~/Views/Shared/Index.cshtml
~/Views/Shared/Index.vbhtml
 2015-08-22 18:09:26,697 [20] ERROR LanguageInstitute.Controllers.Base.BaseController - Statistical exception stack trace -    at System.Web.Mvc.ViewResult.FindView(ControllerContext context)
   at System.Web.Mvc.ViewResultBase.ExecuteResult(ControllerContext context)
   at System.Web.Mvc.ControllerActionInvoker.<>c__DisplayClass1a.<InvokeActionResultWithFilters>b__17()
   at System.Web.Mvc.ControllerActionInvoker.InvokeActionResultFilter(IResultFilter filter, ResultExecutingContext preContext, Func`1 continuation)
   at System.Web.Mvc.ControllerActionInvoker.InvokeActionResultFilter(IResultFilter filter, ResultExecutingContext preContext, Func`1 continuation)
   at System.Web.Mvc.ControllerActionInvoker.InvokeActionResultWithFilters(ControllerContext controllerContext, IList`1 filters, ActionResult actionResult)
   at System.Web.Mvc.Async.AsyncControllerActionInvoker.<>c__DisplayClass25.<BeginInvokeAction>b__22(IAsyncResult asyncResult)
 2015-08-22 18:09:26,737 [15] INFO  LanguageInstitute.Controllers.Base.BaseController - Application URL - /LanguageInstitute/Base/StatisticalError 
 2015-08-22 18:09:26,747 [15] INFO  LanguageInstitute.Controllers.Base.BaseController - Application URL - /LanguageInstitute/Base/StatisticalError 
 2015-08-22 18:09:42,382 [15] INFO  LanguageInstitute.Controllers.Base.BaseController - Application URL - /LanguageInstitute/ 
 2015-08-22 18:09:58,729 [15] INFO  LanguageInstitute.Controllers.Base.BaseController - Application URL - /LanguageInstitute/ 
 2015-08-22 18:09:58,729 [15] ERROR LanguageInstitute.Controllers.Base.BaseController - Statistical exception message - The view 'Index' or its master was not found or no view engine supports the searched locations. The following locations were searched:
~/Views/Home/Index.aspx
~/Views/Home/Index.ascx
~/Views/Shared/Index.aspx
~/Views/Shared/Index.ascx
~/Views/Home/Index.cshtml
~/Views/Home/Index.vbhtml
~/Views/Shared/Index.cshtml
~/Views/Shared/Index.vbhtml
 2015-08-22 18:09:58,730 [15] ERROR LanguageInstitute.Controllers.Base.BaseController - Statistical exception stack trace -    at System.Web.Mvc.ViewResult.FindView(ControllerContext context)
   at System.Web.Mvc.ViewResultBase.ExecuteResult(ControllerContext context)
   at System.Web.Mvc.ControllerActionInvoker.<>c__DisplayClass1a.<InvokeActionResultWithFilters>b__17()
   at System.Web.Mvc.ControllerActionInvoker.InvokeActionResultFilter(IResultFilter filter, ResultExecutingContext preContext, Func`1 continuation)
   at System.Web.Mvc.ControllerActionInvoker.InvokeActionResultFilter(IResultFilter filter, ResultExecutingContext preContext, Func`1 continuation)
   at System.Web.Mvc.ControllerActionInvoker.InvokeActionResultWithFilters(ControllerContext controllerContext, IList`1 filters, ActionResult actionResult)
   at System.Web.Mvc.Async.AsyncControllerActionInvoker.<>c__DisplayClass25.<BeginInvokeAction>b__22(IAsyncResult asyncResult)
 2015-08-22 18:10:43,127 [29] INFO  LanguageInstitute.Controllers.Base.BaseController - Application URL - /LanguageInstitute/ 
 2015-08-22 18:12:50,876 [19] INFO  LanguageInstitute.Controllers.Base.BaseController - Application URL - /LanguageInstitute/ 
 2015-08-22 18:15:28,992 [47] INFO  LanguageInstitute.Controllers.Base.BaseController - Application URL - /LanguageInstitute/ 
 2015-08-22 18:20:29,269 [56] INFO  LanguageInstitute.Controllers.Base.BaseController - Application URL - /LanguageInstitute/ 
 2015-08-22 18:24:25,508 [72] INFO  LanguageInstitute.Controllers.Base.BaseController - Application URL - /LanguageInstitute/ 
 2015-08-22 18:29:11,863 [84] INFO  LanguageInstitute.Controllers.Base.BaseController - Application URL - /LanguageInstitute/ 
 2015-08-22 18:47:35,154 [46] INFO  LanguageInstitute.Controllers.Base.BaseController - Application URL - /LanguageInstitute/ 
 2015-08-22 18:51:58,015 [69] INFO  LanguageInstitute.Controllers.Base.BaseController - Application URL - /LanguageInstitute/ 
 2015-08-22 18:53:58,203 [70] INFO  LanguageInstitute.Controllers.Base.BaseController - Application URL - /StatisticalSolutions/ 
 2015-08-22 19:15:52,362 [7] INFO  LanguageInstitute.Controllers.Base.BaseController - Application URL - /LanguageInstitute/ 
 2015-08-22 19:16:32,327 [12] INFO  LanguageInstitute.Controllers.Base.BaseController - Application URL - /LanguageInstitute/ 
 2015-08-22 19:24:38,903 [42] INFO  LanguageInstitute.Controllers.Base.BaseController - Application URL - /LanguageInstitute/ 
 2015-08-22 19:24:50,831 [35] INFO  LanguageInstitute.Controllers.Base.BaseController - Application URL - /LanguageInstitute/ 
 2015-08-22 19:29:54,298 [77] INFO  LanguageInstitute.Controllers.Base.BaseController - Application URL - /LanguageInstitute/ 
 2015-08-22 19:53:26,868 [227] INFO  LanguageInstitute.Controllers.Base.BaseController - Application URL - /LanguageInstitute/ 
 2015-08-22 19:53:34,399 [225] INFO  LanguageInstitute.Controllers.Base.BaseController - Application URL - /LanguageInstitute/Home/Contact 
 2015-08-22 20:09:13,472 [183] INFO  LanguageInstitute.Controllers.Base.BaseController - Application URL - /LanguageInstitute/ 
 2015-08-22 20:09:36,727 [193] INFO  LanguageInstitute.Controllers.Base.BaseController - Application URL - /LanguageInstitute/ 
 2015-08-22 20:09:46,235 [193] INFO  LanguageInstitute.Controllers.Base.BaseController - Application URL - /LanguageInstitute/WorkShop/WorkShops 
 2015-08-22 20:09:47,582 [193] INFO  LanguageInstitute.Controllers.Base.BaseController - Application URL - /LanguageInstitute/WorkShop/WorkShops 
 2015-08-22 20:09:47,583 [193] ERROR LanguageInstitute.Controllers.Base.BaseController - Statistical exception message - Unexpected "foreach" keyword after "@" character.  Once inside code, you do not need to prefix constructs like "foreach" with "@".

 2015-08-22 20:09:47,583 [193] ERROR LanguageInstitute.Controllers.Base.BaseController - Statistical exception stack trace -    at System.Web.WebPages.Razor.RazorBuildProvider.EnsureGeneratedCode()
   at System.Web.WebPages.Razor.RazorBuildProvider.get_CodeCompilerType()
   at System.Web.Compilation.BuildProvider.GetCompilerTypeFromBuildProvider(BuildProvider buildProvider)
   at System.Web.Compilation.BuildProvidersCompiler.ProcessBuildProviders()
   at System.Web.Compilation.BuildProvidersCompiler.PerformBuild()
   at System.Web.Compilation.BuildManager.CompileWebFile(VirtualPath virtualPath)
   at System.Web.Compilation.BuildManager.GetVPathBuildResultInternal(VirtualPath virtualPath, Boolean noBuild, Boolean allowCrossApp, Boolean allowBuildInPrecompile, Boolean throwIfNotFound, Boolean ensureIsUpToDate)
   at System.Web.Compilation.BuildManager.GetVPathBuildResultWithNoAssert(HttpContext context, VirtualPath virtualPath, Boolean noBuild, Boolean allowCrossApp, Boolean allowBuildInPrecompile, Boolean throwIfNotFound, Boolean ensureIsUpToDate)
   at System.Web.Compilation.BuildManager.GetObjectFactory(String virtualPath, Boolean throwIfNotFound)
   at System.Web.Mvc.BuildManagerWrapper.System.Web.Mvc.IBuildManager.FileExists(String virtualPath)
   at Microsoft.Web.Mvc.ViewEngineFixWorker`1.FileExists(ControllerContext controllerContext, String virtualPath)
   at System.Web.WebPages.DefaultDisplayMode.GetDisplayInfo(HttpContextBase httpContext, String virtualPath, Func`2 virtualPathExists)
   at System.Linq.Enumerable.WhereSelectListIterator`2.MoveNext()
   at System.Linq.Enumerable.FirstOrDefault[TSource](IEnumerable`1 source, Func`2 predicate)
   at System.Web.WebPages.DisplayModeProvider.GetDisplayInfoForVirtualPath(String virtualPath, HttpContextBase httpContext, Func`2 virtualPathExists, IDisplayMode currentDisplayMode)
   at Microsoft.Web.Mvc.ViewEngineFixWorker`1.GetPathFromGeneralName(ControllerContext controllerContext, List`1 locations, String name, String controllerName, String areaName, String cacheKey, String[]& searchedLocations)
   at Microsoft.Web.Mvc.ViewEngineFixWorker`1.GetPath(ControllerContext controllerContext, String[] locations, String[] areaLocations, String locationsPropertyName, String name, String controllerName, String cacheKeyPrefix, Boolean useCache, String[]& searchedLocations)
   at Microsoft.Web.Mvc.ViewEngineFixWorker`1.FindView(ControllerContext controllerContext, String viewName, String masterName, Boolean useCache)
   at System.Web.Mvc.ViewEngineCollection.<>c__DisplayClassc.<FindView>b__b(IViewEngine e)
   at System.Web.Mvc.ViewEngineCollection.Find(Func`2 lookup, Boolean trackSearchedPaths)
   at System.Web.Mvc.ViewResult.FindView(ControllerContext context)
   at System.Web.Mvc.ViewResultBase.ExecuteResult(ControllerContext context)
   at System.Web.Mvc.ControllerActionInvoker.<>c__DisplayClass1a.<InvokeActionResultWithFilters>b__17()
   at System.Web.Mvc.ControllerActionInvoker.InvokeActionResultFilter(IResultFilter filter, ResultExecutingContext preContext, Func`1 continuation)
   at System.Web.Mvc.ControllerActionInvoker.InvokeActionResultFilter(IResultFilter filter, ResultExecutingContext preContext, Func`1 continuation)
   at System.Web.Mvc.ControllerActionInvoker.InvokeActionResultWithFilters(ControllerContext controllerContext, IList`1 filters, ActionResult actionResult)
   at System.Web.Mvc.Async.AsyncControllerActionInvoker.<>c__DisplayClass25.<BeginInvokeAction>b__22(IAsyncResult asyncResult)
 2015-08-22 20:09:47,600 [185] INFO  LanguageInstitute.Controllers.Base.BaseController - Application URL - /LanguageInstitute/Base/StatisticalError 
 2015-08-22 20:09:47,602 [185] INFO  LanguageInstitute.Controllers.Base.BaseController - Application URL - /LanguageInstitute/Base/StatisticalError 
 2015-08-22 20:12:04,057 [198] INFO  LanguageInstitute.Controllers.Base.BaseController - Application URL - /LanguageInstitute/Base/StatisticalError 
 2015-08-22 20:12:04,057 [198] INFO  LanguageInstitute.Controllers.Base.BaseController - Application URL - /LanguageInstitute/Base/StatisticalError 
 2015-08-22 20:12:05,353 [200] INFO  LanguageInstitute.Controllers.Base.BaseController - Application URL - /LanguageInstitute/Base/StatisticalError 
 2015-08-22 20:12:05,353 [200] INFO  LanguageInstitute.Controllers.Base.BaseController - Application URL - /LanguageInstitute/Base/StatisticalError 
 2015-08-22 20:12:47,762 [216] INFO  LanguageInstitute.Controllers.Base.BaseController - Application URL - /LanguageInstitute/ 
 2015-08-22 20:12:51,215 [179] INFO  LanguageInstitute.Controllers.Base.BaseController - Application URL - /LanguageInstitute/WorkShop/WorkShops 
 2015-08-22 20:12:51,581 [179] INFO  LanguageInstitute.Controllers.Base.BaseController - Application URL - /LanguageInstitute/WorkShop/WorkShops 
 2015-08-22 20:12:51,581 [179] ERROR LanguageInstitute.Controllers.Base.BaseController - Statistical exception message - Unexpected "foreach" keyword after "@" character.  Once inside code, you do not need to prefix constructs like "foreach" with "@".

 2015-08-22 20:12:51,581 [179] ERROR LanguageInstitute.Controllers.Base.BaseController - Statistical exception stack trace -    at System.Web.WebPages.Razor.RazorBuildProvider.EnsureGeneratedCode()
   at System.Web.WebPages.Razor.RazorBuildProvider.get_CodeCompilerType()
   at System.Web.Compilation.BuildProvider.GetCompilerTypeFromBuildProvider(BuildProvider buildProvider)
   at System.Web.Compilation.BuildProvidersCompiler.ProcessBuildProviders()
   at System.Web.Compilation.BuildProvidersCompiler.PerformBuild()
   at System.Web.Compilation.BuildManager.CompileWebFile(VirtualPath virtualPath)
   at System.Web.Compilation.BuildManager.GetVPathBuildResultInternal(VirtualPath virtualPath, Boolean noBuild, Boolean allowCrossApp, Boolean allowBuildInPrecompile, Boolean throwIfNotFound, Boolean ensureIsUpToDate)
   at System.Web.Compilation.BuildManager.GetVPathBuildResultWithNoAssert(HttpContext context, VirtualPath virtualPath, Boolean noBuild, Boolean allowCrossApp, Boolean allowBuildInPrecompile, Boolean throwIfNotFound, Boolean ensureIsUpToDate)
   at System.Web.Compilation.BuildManager.GetObjectFactory(String virtualPath, Boolean throwIfNotFound)
   at System.Web.Mvc.BuildManagerWrapper.System.Web.Mvc.IBuildManager.FileExists(String virtualPath)
   at Microsoft.Web.Mvc.ViewEngineFixWorker`1.FileExists(ControllerContext controllerContext, String virtualPath)
   at System.Web.WebPages.DefaultDisplayMode.GetDisplayInfo(HttpContextBase httpContext, String virtualPath, Func`2 virtualPathExists)
   at System.Linq.Enumerable.WhereSelectListIterator`2.MoveNext()
   at System.Linq.Enumerable.FirstOrDefault[TSource](IEnumerable`1 source, Func`2 predicate)
   at System.Web.WebPages.DisplayModeProvider.GetDisplayInfoForVirtualPath(String virtualPath, HttpContextBase httpContext, Func`2 virtualPathExists, IDisplayMode currentDisplayMode)
   at Microsoft.Web.Mvc.ViewEngineFixWorker`1.GetPathFromGeneralName(ControllerContext controllerContext, List`1 locations, String name, String controllerName, String areaName, String cacheKey, String[]& searchedLocations)
   at Microsoft.Web.Mvc.ViewEngineFixWorker`1.GetPath(ControllerContext controllerContext, String[] locations, String[] areaLocations, String locationsPropertyName, String name, String controllerName, String cacheKeyPrefix, Boolean useCache, String[]& searchedLocations)
   at Microsoft.Web.Mvc.ViewEngineFixWorker`1.FindView(ControllerContext controllerContext, String viewName, String masterName, Boolean useCache)
   at System.Web.Mvc.ViewEngineCollection.<>c__DisplayClassc.<FindView>b__b(IViewEngine e)
   at System.Web.Mvc.ViewEngineCollection.Find(Func`2 lookup, Boolean trackSearchedPaths)
   at System.Web.Mvc.ViewResult.FindView(ControllerContext context)
   at System.Web.Mvc.ViewResultBase.ExecuteResult(ControllerContext context)
   at System.Web.Mvc.ControllerActionInvoker.<>c__DisplayClass1a.<InvokeActionResultWithFilters>b__17()
   at System.Web.Mvc.ControllerActionInvoker.InvokeActionResultFilter(IResultFilter filter, ResultExecutingContext preContext, Func`1 continuation)
   at System.Web.Mvc.ControllerActionInvoker.InvokeActionResultFilter(IResultFilter filter, ResultExecutingContext preContext, Func`1 continuation)
   at System.Web.Mvc.ControllerActionInvoker.InvokeActionResultWithFilters(ControllerContext controllerContext, IList`1 filters, ActionResult actionResult)
   at System.Web.Mvc.Async.AsyncControllerActionInvoker.<>c__DisplayClass25.<BeginInvokeAction>b__22(IAsyncResult asyncResult)
 2015-08-22 20:12:51,584 [220] INFO  LanguageInstitute.Controllers.Base.BaseController - Application URL - /LanguageInstitute/Base/StatisticalError 
 2015-08-22 20:12:51,585 [220] INFO  LanguageInstitute.Controllers.Base.BaseController - Application URL - /LanguageInstitute/Base/StatisticalError 
 2015-08-22 20:13:09,539 [192] INFO  LanguageInstitute.Controllers.Base.BaseController - Application URL - /LanguageInstitute/Base/StatisticalError 
 2015-08-22 20:13:09,540 [192] INFO  LanguageInstitute.Controllers.Base.BaseController - Application URL - /LanguageInstitute/Base/StatisticalError 
 2015-08-22 20:13:09,944 [177] INFO  LanguageInstitute.Controllers.Base.BaseController - Application URL - /LanguageInstitute/Base/StatisticalError 
 2015-08-22 20:13:09,945 [177] INFO  LanguageInstitute.Controllers.Base.BaseController - Application URL - /LanguageInstitute/Base/StatisticalError 
 2015-08-22 20:13:10,702 [216] INFO  LanguageInstitute.Controllers.Base.BaseController - Application URL - /LanguageInstitute/Base/StatisticalError 
 2015-08-22 20:13:10,702 [216] INFO  LanguageInstitute.Controllers.Base.BaseController - Application URL - /LanguageInstitute/Base/StatisticalError 
 2015-08-22 20:13:17,404 [196] INFO  LanguageInstitute.Controllers.Base.BaseController - Application URL - /LanguageInstitute/ 
 2015-08-22 20:13:19,284 [189] INFO  LanguageInstitute.Controllers.Base.BaseController - Application URL - /LanguageInstitute/WorkShop/WorkShops 
 2015-08-22 20:14:49,158 [187] INFO  LanguageInstitute.Controllers.Base.BaseController - Application URL - /LanguageInstitute/WorkShop/WorkShops 
 2015-08-22 20:17:45,870 [201] INFO  LanguageInstitute.Controllers.Base.BaseController - Application URL - /LanguageInstitute/WorkShop/WorkShops 
 2015-08-22 20:19:35,631 [212] INFO  LanguageInstitute.Controllers.Base.BaseController - Application URL - /LanguageInstitute/WorkShop/WorkShops 
 2015-08-22 20:20:43,729 [204] INFO  LanguageInstitute.Controllers.Base.BaseController - Application URL - /LanguageInstitute/WorkShop/WorkShops 
 2015-08-22 20:20:50,577 [212] INFO  LanguageInstitute.Controllers.Base.BaseController - Application URL - /LanguageInstitute/WorkShop/WorkShops 
 2015-08-22 20:21:05,571 [202] INFO  LanguageInstitute.Controllers.Base.BaseController - Application URL - /LanguageInstitute/WorkShop/WorkShops 
 2015-08-22 20:22:09,756 [226] INFO  LanguageInstitute.Controllers.Base.BaseController - Application URL - /LanguageInstitute/WorkShop/WorkShops 
 2015-08-22 20:23:00,091 [225] INFO  LanguageInstitute.Controllers.Base.BaseController - Application URL - /LanguageInstitute/WorkShop/WorkShops 
 2015-08-22 20:24:50,860 [202] INFO  LanguageInstitute.Controllers.Base.BaseController - Application URL - /LanguageInstitute/WorkShop/WorkShops 
 2015-08-22 20:25:01,785 [159] INFO  LanguageInstitute.Controllers.Base.BaseController - Application URL - /LanguageInstitute/ 
 2015-08-22 20:25:06,223 [164] INFO  LanguageInstitute.Controllers.Base.BaseController - Application URL - /LanguageInstitute/WorkShop/WorkShops 
 2015-08-22 20:25:58,071 [160] INFO  LanguageInstitute.Controllers.Base.BaseController - Application URL - /LanguageInstitute/WorkShop/WorkShops 
 2015-08-22 20:26:08,842 [158] INFO  LanguageInstitute.Controllers.Base.BaseController - Application URL - /LanguageInstitute/Home/Contact 
 