2015-08-30 02:10:46,751 [9] INFO  LanguageInstitute.Controllers.Base.BaseController - Application URL - /LanguageInstitute/ 
 2015-08-30 02:11:55,104 [17] INFO  LanguageInstitute.Controllers.Base.BaseController - Application URL - /LanguageInstitute/ 
 2015-08-30 02:14:29,129 [29] INFO  LanguageInstitute.Controllers.Base.BaseController - Application URL - /LanguageInstitute/ 
 2015-08-30 02:14:34,692 [44] INFO  LanguageInstitute.Controllers.Base.BaseController - Application URL - /LanguageInstitute/ 
 2015-08-30 02:15:30,352 [51] INFO  LanguageInstitute.Controllers.Base.BaseController - Application URL - /LanguageInstitute/ 
 2015-08-30 02:16:36,404 [62] INFO  LanguageInstitute.Controllers.Base.BaseController - Application URL - /LanguageInstitute/ 
 2015-08-30 02:18:21,217 [71] INFO  LanguageInstitute.Controllers.Base.BaseController - Application URL - /LanguageInstitute/ 
 2015-08-30 02:19:21,760 [86] INFO  LanguageInstitute.Controllers.Base.BaseController - Application URL - /LanguageInstitute/ 
 2015-08-30 02:22:17,468 [80] INFO  LanguageInstitute.Controllers.Base.BaseController - Application URL - /LanguageInstitute/ 
 2015-08-30 02:26:17,599 [41] INFO  LanguageInstitute.Controllers.Base.BaseController - Application URL - /LanguageInstitute/ 
 2015-08-30 02:35:27,761 [151] INFO  LanguageInstitute.Controllers.Base.BaseController - Application URL - /LanguageInstitute/ 
 2015-08-30 02:36:53,627 [118] INFO  LanguageInstitute.Controllers.Base.BaseController - Application URL - /LanguageInstitute/ 
 2015-08-30 02:54:36,157 [27] INFO  LanguageInstitute.Controllers.Base.BaseController - Application URL - /LanguageInstitute/ 
 2015-08-30 02:54:45,085 [43] INFO  LanguageInstitute.Controllers.Base.BaseController - Application URL - /LanguageInstitute/WorkShop/WorkShops 
 2015-08-30 02:57:30,970 [100] INFO  LanguageInstitute.Controllers.Base.BaseController - Application URL - /LanguageInstitute/WorkShop/WorkShops 
 2015-08-30 02:58:14,645 [38] INFO  LanguageInstitute.Controllers.Base.BaseController - Application URL - /LanguageInstitute/ 
 2015-08-30 02:58:23,343 [101] INFO  LanguageInstitute.Controllers.Base.BaseController - Application URL - /LanguageInstitute/WorkShop/WorkShops 
 2015-08-30 02:59:15,696 [39] INFO  LanguageInstitute.Controllers.Base.BaseController - Application URL - /LanguageInstitute/WorkShop/WorkShops 
 2015-08-30 02:59:23,902 [38] INFO  LanguageInstitute.Controllers.Base.BaseController - Application URL - /LanguageInstitute/ 
 2015-08-30 03:00:20,423 [100] INFO  LanguageInstitute.Controllers.Base.BaseController - Application URL - /LanguageInstitute/WorkShop/WorkShops 
 2015-08-30 03:00:27,096 [151] INFO  LanguageInstitute.Controllers.Base.BaseController - Application URL - /LanguageInstitute/WorkShop/WorkShops 
 2015-08-30 03:02:01,265 [152] INFO  LanguageInstitute.Controllers.Base.BaseController - Application URL - /LanguageInstitute/ 
 2015-08-30 03:02:07,587 [147] INFO  LanguageInstitute.Controllers.Base.BaseController - Application URL - /LanguageInstitute/WorkShop/WorkShops 
 2015-08-30 03:02:11,732 [150] INFO  LanguageInstitute.Controllers.Base.BaseController - Application URL - /LanguageInstitute/WorkShop/WorkShops 
 2015-08-30 03:02:16,542 [147] INFO  LanguageInstitute.Controllers.Base.BaseController - Application URL - /LanguageInstitute/ 
 2015-08-30 03:02:21,092 [100] INFO  LanguageInstitute.Controllers.Base.BaseController - Application URL - /LanguageInstitute/WorkShop/WorkShops 
 2015-08-30 03:02:24,709 [123] INFO  LanguageInstitute.Controllers.Base.BaseController - Application URL - /LanguageInstitute/ 
 2015-08-30 03:02:34,039 [149] INFO  LanguageInstitute.Controllers.Base.BaseController - Application URL - /LanguageInstitute/WorkShop/WorkShops 
 2015-08-30 03:07:12,422 [140] INFO  LanguageInstitute.Controllers.Base.BaseController - Application URL - /LanguageInstitute/ 
 2015-08-30 03:13:12,169 [29] INFO  LanguageInstitute.Controllers.Base.BaseController - Application URL - /LanguageInstitute/ 
 2015-08-30 03:14:29,418 [51] INFO  LanguageInstitute.Controllers.Base.BaseController - Application URL - /LanguageInstitute/ 
 2015-08-30 03:15:21,537 [41] INFO  LanguageInstitute.Controllers.Base.BaseController - Application URL - /LanguageInstitute/ 
 2015-08-30 03:15:54,093 [91] INFO  LanguageInstitute.Controllers.Base.BaseController - Application URL - /LanguageInstitute/ 
 2015-08-30 03:16:52,105 [131] INFO  LanguageInstitute.Controllers.Base.BaseController - Application URL - /LanguageInstitute/ 
 2015-08-30 03:19:37,766 [40] INFO  LanguageInstitute.Controllers.Base.BaseController - Application URL - /LanguageInstitute/ 
 2015-08-30 03:24:55,672 [75] INFO  LanguageInstitute.Controllers.Base.BaseController - Application URL - /LanguageInstitute/ 
 2015-08-30 03:25:21,974 [115] INFO  LanguageInstitute.Controllers.Base.BaseController - Application URL - /LanguageInstitute/ 
 2015-08-30 03:30:51,253 [97] INFO  LanguageInstitute.Controllers.Base.BaseController - Application URL - /LanguageInstitute/ 
 2015-08-30 03:31:58,027 [30] INFO  LanguageInstitute.Controllers.Base.BaseController - Application URL - /LanguageInstitute/ 
 2015-08-30 03:32:05,647 [92] INFO  LanguageInstitute.Controllers.Base.BaseController - Application URL - /LanguageInstitute/ 
 2015-08-30 03:32:45,933 [114] INFO  LanguageInstitute.Controllers.Base.BaseController - Application URL - /LanguageInstitute/ 
 2015-08-30 03:32:55,483 [114] INFO  LanguageInstitute.Controllers.Base.BaseController - Application URL - /LanguageInstitute/ 
 2015-08-30 03:35:52,155 [127] INFO  LanguageInstitute.Controllers.Base.BaseController - Application URL - /LanguageInstitute/ 
 2015-08-30 03:36:18,060 [37] INFO  LanguageInstitute.Controllers.Base.BaseController - Application URL - /LanguageInstitute/ 
 2015-08-30 04:04:13,386 [6] INFO  LanguageInstitute.Controllers.Base.BaseController - Application URL - /LanguageInstitute/ 
 2015-08-30 04:05:26,734 [27] INFO  LanguageInstitute.Controllers.Base.BaseController - Application URL - /LanguageInstitute/ 
 2015-08-30 04:06:56,884 [38] INFO  LanguageInstitute.Controllers.Base.BaseController - Application URL - /LanguageInstitute/ 
 2015-08-30 04:08:06,098 [68] INFO  LanguageInstitute.Controllers.Base.BaseController - Application URL - /LanguageInstitute/ 
 2015-08-30 04:08:09,128 [53] INFO  LanguageInstitute.Controllers.Base.BaseController - Application URL - /LanguageInstitute/ 
 2015-08-30 04:16:00,006 [77] INFO  LanguageInstitute.Controllers.Base.BaseController - Application URL - /LanguageInstitute/ 
 2015-08-30 04:19:28,970 [90] INFO  LanguageInstitute.Controllers.Base.BaseController - Application URL - /LanguageInstitute/ 
 2015-08-30 04:20:04,866 [92] INFO  LanguageInstitute.Controllers.Base.BaseController - Application URL - /LanguageInstitute/ 
 2015-08-30 04:27:59,410 [98] INFO  LanguageInstitute.Controllers.Base.BaseController - Application URL - /LanguageInstitute/ 
 2015-08-30 04:30:19,284 [77] INFO  LanguageInstitute.Controllers.Base.BaseController - Application URL - /LanguageInstitute/ 
 2015-08-30 04:31:13,997 [47] INFO  LanguageInstitute.Controllers.Base.BaseController - Application URL - /LanguageInstitute/ 
 2015-08-30 04:31:47,196 [99] INFO  LanguageInstitute.Controllers.Base.BaseController - Application URL - /LanguageInstitute/ 
 2015-08-30 04:32:37,322 [64] INFO  LanguageInstitute.Controllers.Base.BaseController - Application URL - /LanguageInstitute/ 
 2015-08-30 04:33:00,586 [88] INFO  LanguageInstitute.Controllers.Base.BaseController - Application URL - /LanguageInstitute/ 
 2015-08-30 04:33:18,704 [64] INFO  LanguageInstitute.Controllers.Base.BaseController - Application URL - /LanguageInstitute/ 
 2015-08-30 04:34:51,637 [80] INFO  LanguageInstitute.Controllers.Base.BaseController - Application URL - /LanguageInstitute/ 
 2015-08-30 04:35:17,222 [58] INFO  LanguageInstitute.Controllers.Base.BaseController - Application URL - /LanguageInstitute/ 
 2015-08-30 04:36:08,592 [67] INFO  LanguageInstitute.Controllers.Base.BaseController - Application URL - /LanguageInstitute/ 
 2015-08-30 04:37:08,309 [68] INFO  LanguageInstitute.Controllers.Base.BaseController - Application URL - /LanguageInstitute/ 
 2015-08-30 04:37:49,942 [63] INFO  LanguageInstitute.Controllers.Base.BaseController - Application URL - /LanguageInstitute/ 
 2015-08-30 04:39:35,823 [71] INFO  LanguageInstitute.Controllers.Base.BaseController - Application URL - /LanguageInstitute/ 
 2015-08-30 04:40:15,115 [70] INFO  LanguageInstitute.Controllers.Base.BaseController - Application URL - /LanguageInstitute/ 
 2015-08-30 04:41:29,550 [79] INFO  LanguageInstitute.Controllers.Base.BaseController - Application URL - /LanguageInstitute/ 
 2015-08-30 04:43:00,428 [90] INFO  LanguageInstitute.Controllers.Base.BaseController - Application URL - /LanguageInstitute/ 
 2015-08-30 04:43:47,307 [73] INFO  LanguageInstitute.Controllers.Base.BaseController - Application URL - /LanguageInstitute/ 
 2015-08-30 04:45:36,146 [48] INFO  LanguageInstitute.Controllers.Base.BaseController - Application URL - /LanguageInstitute/ 
 2015-08-30 04:46:01,884 [16] INFO  LanguageInstitute.Controllers.Base.BaseController - Application URL - /LanguageInstitute/ 
 2015-08-30 04:50:27,383 [100] INFO  LanguageInstitute.Controllers.Base.BaseController - Application URL - /LanguageInstitute/Home/Contact 
 2015-08-30 04:50:34,183 [81] INFO  LanguageInstitute.Controllers.Base.BaseController - Application URL - /LanguageInstitute/WorkShop/WorkShops 
 2015-08-30 05:18:51,791 [137] INFO  LanguageInstitute.Controllers.Base.BaseController - Application URL - /LanguageInstitute/ 
 2015-08-30 05:19:27,045 [130] INFO  LanguageInstitute.Controllers.Base.BaseController - Application URL - /LanguageInstitute/ 
 2015-08-30 05:20:34,606 [126] INFO  LanguageInstitute.Controllers.Base.BaseController - Application URL - /LanguageInstitute/ 
 2015-08-30 05:21:32,191 [116] INFO  LanguageInstitute.Controllers.Base.BaseController - Application URL - /LanguageInstitute/ 
 2015-08-30 05:21:47,543 [52] INFO  LanguageInstitute.Controllers.Base.BaseController - Application URL - /LanguageInstitute/Home/About 
 2015-08-30 05:46:25,781 [118] INFO  LanguageInstitute.Controllers.Base.BaseController - Application URL - /LanguageInstitute/ 
 2015-08-30 05:47:03,045 [119] INFO  LanguageInstitute.Controllers.Base.BaseController - Application URL - /LanguageInstitute/ 
 2015-08-30 05:48:35,158 [26] INFO  LanguageInstitute.Controllers.Base.BaseController - Application URL - /LanguageInstitute/ 
 2015-08-30 05:48:40,730 [27] INFO  LanguageInstitute.Controllers.Base.BaseController - Application URL - /LanguageInstitute/Home/News 
 2015-08-30 05:51:42,633 [110] INFO  LanguageInstitute.Controllers.Base.BaseController - Application URL - /LanguageInstitute/ 
 