2015-09-10 21:28:47,407 [8] INFO  LanguageInstitute.Controllers.Base.BaseController - Application URL - /LanguageInstitute/ 
 2015-09-10 21:38:30,359 [73] INFO  LanguageInstitute.Controllers.Base.BaseController - Application URL - /LanguageInstitute/ 
 2015-09-10 21:38:41,413 [75] INFO  LanguageInstitute.Controllers.Base.BaseController - Application URL - /LanguageInstitute/ 
 2015-09-10 21:39:43,578 [83] INFO  LanguageInstitute.Controllers.Base.BaseController - Application URL - /LanguageInstitute/ 
 2015-09-10 21:40:47,978 [59] INFO  LanguageInstitute.Controllers.Base.BaseController - Application URL - /LanguageInstitute/ 
 2015-09-10 21:41:22,340 [82] INFO  LanguageInstitute.Controllers.Base.BaseController - Application URL - /LanguageInstitute/ 
 2015-09-10 21:41:40,471 [76] INFO  LanguageInstitute.Controllers.Base.BaseController - Application URL - /LanguageInstitute/ 
 2015-09-10 21:44:04,835 [74] INFO  LanguageInstitute.Controllers.Base.BaseController - Application URL - /LanguageInstitute/ 
 2015-09-10 21:49:16,838 [38] INFO  LanguageInstitute.Controllers.Base.BaseController - Application URL - /LanguageInstitute/ 
 2015-09-10 21:49:55,194 [78] INFO  LanguageInstitute.Controllers.Base.BaseController - Application URL - /LanguageInstitute/ 
 2015-09-10 21:56:57,407 [96] INFO  LanguageInstitute.Controllers.Base.BaseController - Application URL - /LanguageInstitute/ 
 2015-09-10 21:59:50,901 [67] INFO  LanguageInstitute.Controllers.Base.BaseController - Application URL - /LanguageInstitute/ 
 2015-09-10 22:01:18,047 [79] INFO  LanguageInstitute.Controllers.Base.BaseController - Application URL - /LanguageInstitute/ 
 2015-09-10 22:02:37,301 [32] INFO  LanguageInstitute.Controllers.Base.BaseController - Application URL - /LanguageInstitute/ 
 2015-09-10 22:04:15,997 [7] INFO  LanguageInstitute.Controllers.Base.BaseController - Application URL - /LanguageInstitute/WorkShop/WorkShops 
 2015-09-10 22:05:50,914 [72] INFO  LanguageInstitute.Controllers.Base.BaseController - Application URL - /LanguageInstitute/Workshop/Register 
 2015-09-10 22:28:25,290 [12] INFO  LanguageInstitute.Controllers.Base.BaseController - Application URL - /LanguageInstitute/ 
 2015-09-10 22:29:01,698 [11] INFO  LanguageInstitute.Controllers.Base.BaseController - Application URL - /LanguageInstitute/ 
 2015-09-10 22:29:10,263 [6] INFO  LanguageInstitute.Controllers.Base.BaseController - Application URL - /LanguageInstitute/Home/Contact 
 2015-09-10 22:29:32,261 [13] INFO  LanguageInstitute.Controllers.Base.BaseController - Application URL - /LanguageInstitute/Home/Contact 
 2015-09-10 22:30:16,415 [9] INFO  LanguageInstitute.Controllers.Base.BaseController - Application URL - /LanguageInstitute/Home/Contact 
 2015-09-10 22:30:23,316 [53] INFO  LanguageInstitute.Controllers.Base.BaseController - Application URL - /LanguageInstitute/Home/Contact 
 2015-09-10 22:30:54,565 [53] INFO  LanguageInstitute.Controllers.Base.BaseController - Application URL - /LanguageInstitute/Home/Contact 
 2015-09-10 22:32:08,441 [53] INFO  LanguageInstitute.Controllers.Base.BaseController - Application URL - /LanguageInstitute/Home/Contact 
 2015-09-10 23:17:33,359 [10] INFO  LanguageInstitute.Controllers.Base.BaseController - Application URL - /LanguageInstitute/ 
 2015-09-10 23:17:44,380 [12] INFO  LanguageInstitute.Controllers.Base.BaseController - Application URL - /LanguageInstitute/Home/Contact 
 2015-09-10 23:17:48,348 [9] INFO  LanguageInstitute.Controllers.Base.BaseController - Application URL - /LanguageInstitute/Home/ContactUsMail 
 2015-09-10 23:17:48,350 [9] ERROR LanguageInstitute.Controllers.Base.BaseController - Statistical exception message - The required anti-forgery cookie "__RequestVerificationToken_L0xhbmd1YWdlSW5zdGl0dXRl0" is not present.
 2015-09-10 23:17:48,350 [9] ERROR LanguageInstitute.Controllers.Base.BaseController - Statistical exception stack trace -    at System.Web.Helpers.AntiXsrf.TokenValidator.ValidateTokens(HttpContextBase httpContext, IIdentity identity, AntiForgeryToken sessionToken, AntiForgeryToken fieldToken)
   at System.Web.Helpers.AntiXsrf.AntiForgeryWorker.Validate(HttpContextBase httpContext)
   at System.Web.Mvc.ControllerActionInvoker.InvokeAuthorizationFilters(ControllerContext controllerContext, IList`1 filters, ActionDescriptor actionDescriptor)
   at System.Web.Mvc.Async.AsyncControllerActionInvoker.<>c__DisplayClass25.<BeginInvokeAction>b__1e(AsyncCallback asyncCallback, Object asyncState)
 2015-09-10 23:17:48,364 [8] INFO  LanguageInstitute.Controllers.Base.BaseController - Application URL - /LanguageInstitute/Base/StatisticalError 
 2015-09-10 23:17:48,365 [8] INFO  LanguageInstitute.Controllers.Base.BaseController - Application URL - /LanguageInstitute/Base/StatisticalError 
 2015-09-10 23:18:09,948 [15] INFO  LanguageInstitute.Controllers.Base.BaseController - Application URL - /LanguageInstitute/Home/Contact 
 2015-09-10 23:18:13,073 [6] INFO  LanguageInstitute.Controllers.Base.BaseController - Application URL - /LanguageInstitute/Home/ContactUsMail 
 2015-09-10 23:18:13,073 [6] ERROR LanguageInstitute.Controllers.Base.BaseController - Statistical exception message - The required anti-forgery cookie "__RequestVerificationToken_L0xhbmd1YWdlSW5zdGl0dXRl0" is not present.
 2015-09-10 23:18:13,073 [6] ERROR LanguageInstitute.Controllers.Base.BaseController - Statistical exception stack trace -    at System.Web.Helpers.AntiXsrf.TokenValidator.ValidateTokens(HttpContextBase httpContext, IIdentity identity, AntiForgeryToken sessionToken, AntiForgeryToken fieldToken)
   at System.Web.Helpers.AntiXsrf.AntiForgeryWorker.Validate(HttpContextBase httpContext)
   at System.Web.Mvc.ControllerActionInvoker.InvokeAuthorizationFilters(ControllerContext controllerContext, IList`1 filters, ActionDescriptor actionDescriptor)
   at System.Web.Mvc.Async.AsyncControllerActionInvoker.<>c__DisplayClass25.<BeginInvokeAction>b__1e(AsyncCallback asyncCallback, Object asyncState)
 2015-09-10 23:18:13,075 [12] INFO  LanguageInstitute.Controllers.Base.BaseController - Application URL - /LanguageInstitute/Base/StatisticalError 
 2015-09-10 23:18:13,076 [12] INFO  LanguageInstitute.Controllers.Base.BaseController - Application URL - /LanguageInstitute/Base/StatisticalError 
 2015-09-10 23:19:35,990 [22] INFO  LanguageInstitute.Controllers.Base.BaseController - Application URL - /LanguageInstitute/Home/Contact 
 2015-09-10 23:22:45,410 [34] INFO  LanguageInstitute.Controllers.Base.BaseController - Application URL - /LanguageInstitute/ 
 2015-09-10 23:23:51,501 [35] INFO  LanguageInstitute.Controllers.Base.BaseController - Application URL - /LanguageInstitute/Home/Contact 
 2015-09-10 23:23:55,248 [13] INFO  LanguageInstitute.Controllers.Base.BaseController - Application URL - /LanguageInstitute/Home/ContactUsMail 
 2015-09-10 23:23:55,249 [13] ERROR LanguageInstitute.Controllers.Base.BaseController - Statistical exception message - The required anti-forgery cookie "__RequestVerificationToken_L0xhbmd1YWdlSW5zdGl0dXRl0" is not present.
 2015-09-10 23:23:55,250 [13] ERROR LanguageInstitute.Controllers.Base.BaseController - Statistical exception stack trace -    at System.Web.Helpers.AntiXsrf.TokenValidator.ValidateTokens(HttpContextBase httpContext, IIdentity identity, AntiForgeryToken sessionToken, AntiForgeryToken fieldToken)
   at System.Web.Helpers.AntiXsrf.AntiForgeryWorker.Validate(HttpContextBase httpContext)
   at System.Web.Mvc.ControllerActionInvoker.InvokeAuthorizationFilters(ControllerContext controllerContext, IList`1 filters, ActionDescriptor actionDescriptor)
   at System.Web.Mvc.Async.AsyncControllerActionInvoker.<>c__DisplayClass25.<BeginInvokeAction>b__1e(AsyncCallback asyncCallback, Object asyncState)
 2015-09-10 23:23:55,262 [35] INFO  LanguageInstitute.Controllers.Base.BaseController - Application URL - /LanguageInstitute/Base/StatisticalError 
 2015-09-10 23:23:55,264 [35] INFO  LanguageInstitute.Controllers.Base.BaseController - Application URL - /LanguageInstitute/Base/StatisticalError 
 2015-09-10 23:25:42,481 [38] INFO  LanguageInstitute.Controllers.Base.BaseController - Application URL - /LanguageInstitute/ 
 2015-09-10 23:25:53,735 [46] INFO  LanguageInstitute.Controllers.Base.BaseController - Application URL - /LanguageInstitute/WorkShop/WorkShops 
 2015-09-10 23:25:55,451 [48] INFO  LanguageInstitute.Controllers.Base.BaseController - Application URL - /LanguageInstitute/Home/Contact 
 2015-09-10 23:26:48,995 [46] INFO  LanguageInstitute.Controllers.Base.BaseController - Application URL - /LanguageInstitute/ 
 2015-09-10 23:27:10,281 [52] INFO  LanguageInstitute.Controllers.Base.BaseController - Application URL - /LanguageInstitute/Home/Contact 
 2015-09-10 23:27:14,562 [50] INFO  LanguageInstitute.Controllers.Base.BaseController - Application URL - /LanguageInstitute/Home/ContactUsMail 
 2015-09-10 23:27:14,564 [50] ERROR LanguageInstitute.Controllers.Base.BaseController - Statistical exception message - The required anti-forgery cookie "__RequestVerificationToken_L0xhbmd1YWdlSW5zdGl0dXRl0" is not present.
 2015-09-10 23:27:14,565 [50] ERROR LanguageInstitute.Controllers.Base.BaseController - Statistical exception stack trace -    at System.Web.Helpers.AntiXsrf.TokenValidator.ValidateTokens(HttpContextBase httpContext, IIdentity identity, AntiForgeryToken sessionToken, AntiForgeryToken fieldToken)
   at System.Web.Helpers.AntiXsrf.AntiForgeryWorker.Validate(HttpContextBase httpContext)
   at System.Web.Mvc.ControllerActionInvoker.InvokeAuthorizationFilters(ControllerContext controllerContext, IList`1 filters, ActionDescriptor actionDescriptor)
   at System.Web.Mvc.Async.AsyncControllerActionInvoker.<>c__DisplayClass25.<BeginInvokeAction>b__1e(AsyncCallback asyncCallback, Object asyncState)
 2015-09-10 23:27:14,578 [48] INFO  LanguageInstitute.Controllers.Base.BaseController - Application URL - /LanguageInstitute/Base/StatisticalError 
 2015-09-10 23:27:14,580 [48] INFO  LanguageInstitute.Controllers.Base.BaseController - Application URL - /LanguageInstitute/Base/StatisticalError 
 2015-09-10 23:28:36,667 [48] INFO  LanguageInstitute.Controllers.Base.BaseController - Application URL - /LanguageInstitute/Home/Contact 
 2015-09-10 23:28:42,458 [35] INFO  LanguageInstitute.Controllers.Base.BaseController - Application URL - /LanguageInstitute/Home/ContactUsMail 
 2015-09-10 23:28:42,459 [35] ERROR LanguageInstitute.Controllers.Base.BaseController - Statistical exception message - The required anti-forgery cookie "__RequestVerificationToken_L0xhbmd1YWdlSW5zdGl0dXRl0" is not present.
 2015-09-10 23:28:42,459 [35] ERROR LanguageInstitute.Controllers.Base.BaseController - Statistical exception stack trace -    at System.Web.Helpers.AntiXsrf.TokenValidator.ValidateTokens(HttpContextBase httpContext, IIdentity identity, AntiForgeryToken sessionToken, AntiForgeryToken fieldToken)
   at System.Web.Helpers.AntiXsrf.AntiForgeryWorker.Validate(HttpContextBase httpContext)
   at System.Web.Mvc.ControllerActionInvoker.InvokeAuthorizationFilters(ControllerContext controllerContext, IList`1 filters, ActionDescriptor actionDescriptor)
   at System.Web.Mvc.Async.AsyncControllerActionInvoker.<>c__DisplayClass25.<BeginInvokeAction>b__1e(AsyncCallback asyncCallback, Object asyncState)
 2015-09-10 23:28:42,462 [25] INFO  LanguageInstitute.Controllers.Base.BaseController - Application URL - /LanguageInstitute/Base/StatisticalError 
 2015-09-10 23:28:42,462 [25] INFO  LanguageInstitute.Controllers.Base.BaseController - Application URL - /LanguageInstitute/Base/StatisticalError 
 2015-09-10 23:30:10,276 [56] INFO  LanguageInstitute.Controllers.Base.BaseController - Application URL - /LanguageInstitute/ 
 2015-09-10 23:30:20,952 [43] INFO  LanguageInstitute.Controllers.Base.BaseController - Application URL - /LanguageInstitute/Home/Contact 
 2015-09-10 23:31:32,816 [60] INFO  LanguageInstitute.Controllers.Base.BaseController - Application URL - /LanguageInstitute/Home/Contact 
 2015-09-10 23:43:55,387 [38] INFO  LanguageInstitute.Controllers.Base.BaseController - Application URL - /LanguageInstitute/ 
 2015-09-10 23:44:06,976 [47] INFO  LanguageInstitute.Controllers.Base.BaseController - Application URL - /LanguageInstitute/WorkShop/WorkShops 
 2015-09-10 23:44:10,411 [62] INFO  LanguageInstitute.Controllers.Base.BaseController - Application URL - /LanguageInstitute/Home/Contact 
 2015-09-10 23:44:46,551 [46] INFO  LanguageInstitute.Controllers.Base.BaseController - Application URL - /LanguageInstitute/Home/ContactUsMail 
 2015-09-10 23:44:46,554 [46] ERROR LanguageInstitute.Controllers.Base.BaseController - Statistical exception message - The required anti-forgery cookie "__RequestVerificationToken_L0xhbmd1YWdlSW5zdGl0dXRl0" is not present.
 2015-09-10 23:44:46,554 [46] ERROR LanguageInstitute.Controllers.Base.BaseController - Statistical exception stack trace -    at System.Web.Helpers.AntiXsrf.TokenValidator.ValidateTokens(HttpContextBase httpContext, IIdentity identity, AntiForgeryToken sessionToken, AntiForgeryToken fieldToken)
   at System.Web.Helpers.AntiXsrf.AntiForgeryWorker.Validate(HttpContextBase httpContext)
   at System.Web.Mvc.ControllerActionInvoker.InvokeAuthorizationFilters(ControllerContext controllerContext, IList`1 filters, ActionDescriptor actionDescriptor)
   at System.Web.Mvc.Async.AsyncControllerActionInvoker.<>c__DisplayClass25.<BeginInvokeAction>b__1e(AsyncCallback asyncCallback, Object asyncState)
 2015-09-10 23:44:46,574 [38] INFO  LanguageInstitute.Controllers.Base.BaseController - Application URL - /LanguageInstitute/Base/StatisticalError 
 2015-09-10 23:44:46,576 [38] INFO  LanguageInstitute.Controllers.Base.BaseController - Application URL - /LanguageInstitute/Base/StatisticalError 
 2015-09-10 23:46:20,100 [35] INFO  LanguageInstitute.Controllers.Base.BaseController - Application URL - /LanguageInstitute/Home/Contact 
 2015-09-10 23:46:58,744 [37] INFO  LanguageInstitute.Controllers.Base.BaseController - Application URL - /LanguageInstitute/Home/ContactUsMail 
 2015-09-10 23:46:58,745 [37] ERROR LanguageInstitute.Controllers.Base.BaseController - Statistical exception message - The required anti-forgery cookie "__RequestVerificationToken_L0xhbmd1YWdlSW5zdGl0dXRl0" is not present.
 2015-09-10 23:46:58,745 [37] ERROR LanguageInstitute.Controllers.Base.BaseController - Statistical exception stack trace -    at System.Web.Helpers.AntiXsrf.TokenValidator.ValidateTokens(HttpContextBase httpContext, IIdentity identity, AntiForgeryToken sessionToken, AntiForgeryToken fieldToken)
   at System.Web.Helpers.AntiXsrf.AntiForgeryWorker.Validate(HttpContextBase httpContext)
   at System.Web.Mvc.ControllerActionInvoker.InvokeAuthorizationFilters(ControllerContext controllerContext, IList`1 filters, ActionDescriptor actionDescriptor)
   at System.Web.Mvc.Async.AsyncControllerActionInvoker.<>c__DisplayClass25.<BeginInvokeAction>b__1e(AsyncCallback asyncCallback, Object asyncState)
 2015-09-10 23:46:58,763 [11] INFO  LanguageInstitute.Controllers.Base.BaseController - Application URL - /LanguageInstitute/Base/StatisticalError 
 2015-09-10 23:46:58,763 [11] INFO  LanguageInstitute.Controllers.Base.BaseController - Application URL - /LanguageInstitute/Base/StatisticalError 
 