2015-05-25 07:19:59,320 [7] INFO  StatisticalSolutions.Controllers.Base.BaseController - Application URL - /StatisticalSolutions/ 
 2015-05-25 07:20:28,481 [10] INFO  StatisticalSolutions.Controllers.Base.BaseController - Application URL - /StatisticalSolutions/Admin/WorkshopList 
 2015-05-25 07:20:40,420 [13] INFO  StatisticalSolutions.Controllers.Base.BaseController - Application URL - /StatisticalSolutions/Admin/EditWorkshop/5 
 2015-05-25 07:21:00,593 [13] INFO  StatisticalSolutions.Controllers.Base.BaseController - Application URL - /StatisticalSolutions/Workshop/Register 
 2015-05-25 07:21:15,255 [13] INFO  StatisticalSolutions.Controllers.Base.BaseController - Application URL - /StatisticalSolutions/Workshop/Registration/9 
 2015-05-25 07:21:31,718 [14] INFO  StatisticalSolutions.Controllers.Base.BaseController - Application URL - /StatisticalSolutions/Workshop/Registration/14 
 2015-05-25 07:41:24,621 [113] INFO  StatisticalSolutions.Controllers.Base.BaseController - Application URL - /StatisticalSolutions/ 
 2015-05-25 07:41:30,886 [113] INFO  StatisticalSolutions.Controllers.Base.BaseController - Application URL - /StatisticalSolutions/Workshop/Register 
 2015-05-25 07:43:09,883 [113] INFO  StatisticalSolutions.Controllers.Base.BaseController - Application URL - /StatisticalSolutions/ 
 2015-05-25 07:43:13,655 [107] INFO  StatisticalSolutions.Controllers.Base.BaseController - Application URL - /StatisticalSolutions/Workshop/Register 
 2015-05-25 07:46:16,377 [108] INFO  StatisticalSolutions.Controllers.Base.BaseController - Application URL - /StatisticalSolutions/ 
 2015-05-25 07:46:20,029 [110] INFO  StatisticalSolutions.Controllers.Base.BaseController - Application URL - /StatisticalSolutions/Workshop/Register 
 2015-05-25 07:47:42,368 [111] INFO  StatisticalSolutions.Controllers.Base.BaseController - Application URL - /StatisticalSolutions/ 
 2015-05-25 07:47:45,533 [113] INFO  StatisticalSolutions.Controllers.Base.BaseController - Application URL - /StatisticalSolutions/Workshop/Register 
 2015-05-25 07:48:21,398 [111] INFO  StatisticalSolutions.Controllers.Base.BaseController - Application URL - /StatisticalSolutions/Workshop/Register 
 2015-05-25 07:48:34,438 [111] INFO  StatisticalSolutions.Controllers.Base.BaseController - Application URL - /StatisticalSolutions/Workshop/Register 
 2015-05-25 07:48:51,860 [112] INFO  StatisticalSolutions.Controllers.Base.BaseController - Application URL - /StatisticalSolutions/ 
 2015-05-25 07:48:54,019 [111] INFO  StatisticalSolutions.Controllers.Base.BaseController - Application URL - /StatisticalSolutions/Workshop/Register 
 2015-05-25 07:53:07,123 [108] INFO  StatisticalSolutions.Controllers.Base.BaseController - Application URL - /StatisticalSolutions/ 
 2015-05-25 07:53:11,780 [111] INFO  StatisticalSolutions.Controllers.Base.BaseController - Application URL - /StatisticalSolutions/Workshop/Register 
 2015-05-25 07:54:39,213 [111] INFO  StatisticalSolutions.Controllers.Base.BaseController - Application URL - /StatisticalSolutions/ 
 2015-05-25 07:54:41,239 [108] INFO  StatisticalSolutions.Controllers.Base.BaseController - Application URL - /StatisticalSolutions/Workshop/Register 
 2015-05-25 07:57:21,355 [110] INFO  StatisticalSolutions.Controllers.Base.BaseController - Application URL - /StatisticalSolutions/ 
 2015-05-25 07:57:24,730 [112] INFO  StatisticalSolutions.Controllers.Base.BaseController - Application URL - /StatisticalSolutions/Workshop/Register 
 2015-05-25 07:57:53,714 [111] INFO  StatisticalSolutions.Controllers.Base.BaseController - Application URL - /StatisticalSolutions/Workshop/Register 
 2015-05-25 08:00:02,592 [113] INFO  StatisticalSolutions.Controllers.Base.BaseController - Application URL - /StatisticalSolutions/ 
 2015-05-25 08:00:08,734 [113] INFO  StatisticalSolutions.Controllers.Base.BaseController - Application URL - /StatisticalSolutions/Workshop/Register 
 2015-05-25 08:01:59,066 [111] INFO  StatisticalSolutions.Controllers.Base.BaseController - Application URL - /StatisticalSolutions/ 
 2015-05-25 08:02:04,662 [110] INFO  StatisticalSolutions.Controllers.Base.BaseController - Application URL - /StatisticalSolutions/Workshop/Register 
 2015-05-25 08:02:18,760 [107] INFO  StatisticalSolutions.Controllers.Base.BaseController - Application URL - /StatisticalSolutions/Workshop/Registration 
 2015-05-25 08:02:33,883 [108] INFO  StatisticalSolutions.Controllers.Base.BaseController - Application URL - /StatisticalSolutions/Workshop/Registration 
 2015-05-25 08:03:01,140 [109] INFO  StatisticalSolutions.Controllers.Base.BaseController - Application URL - /StatisticalSolutions/Workshop/Registration 
 2015-05-25 08:03:48,790 [97] INFO  StatisticalSolutions.Controllers.Base.BaseController - Application URL - /StatisticalSolutions/Workshop/Registration 
 2015-05-25 08:05:28,466 [99] INFO  StatisticalSolutions.Controllers.Base.BaseController - Application URL - /StatisticalSolutions/ 
 2015-05-25 08:05:37,378 [96] INFO  StatisticalSolutions.Controllers.Base.BaseController - Application URL - /StatisticalSolutions/Workshop/Register 
 2015-05-25 08:05:56,925 [94] INFO  StatisticalSolutions.Controllers.Base.BaseController - Application URL - /StatisticalSolutions/Workshop/Register 
 2015-05-25 08:06:21,330 [99] INFO  StatisticalSolutions.Controllers.Base.BaseController - Application URL - /StatisticalSolutions/ 
 2015-05-25 08:06:24,032 [96] INFO  StatisticalSolutions.Controllers.Base.BaseController - Application URL - /StatisticalSolutions/Workshop/Register 
 2015-05-25 08:06:32,488 [94] INFO  StatisticalSolutions.Controllers.Base.BaseController - Application URL - /StatisticalSolutions/Workshop/Registration 
 2015-05-25 08:21:24,821 [67] INFO  StatisticalSolutions.Controllers.Base.BaseController - Application URL - /StatisticalSolutions/ 
 2015-05-25 08:21:29,218 [6] INFO  StatisticalSolutions.Controllers.Base.BaseController - Application URL - /StatisticalSolutions/ 
 2015-05-25 08:21:43,569 [8] INFO  StatisticalSolutions.Controllers.Base.BaseController - Application URL - /StatisticalSolutions/Workshop/Register 
 2015-05-25 08:21:50,573 [8] INFO  StatisticalSolutions.Controllers.Base.BaseController - Application URL - /StatisticalSolutions/Workshop/Register 
 2015-05-25 08:21:50,574 [8] ERROR StatisticalSolutions.Controllers.Base.BaseController - Statistical exception message - Value cannot be null.
Parameter name: items
 2015-05-25 08:21:50,574 [8] ERROR StatisticalSolutions.Controllers.Base.BaseController - Statistical exception stack trace -    at System.Web.Mvc.SelectList..ctor(IEnumerable items, String dataValueField, String dataTextField, Object selectedValue)
   at ASP._Page_Views_Workshop_Register_cshtml.Execute() in e:\Projects\3rdPartyProjects\StatisticalSolutions\StatisticalSolutions\Views\Workshop\Register.cshtml:line 29
   at System.Web.WebPages.WebPageBase.ExecutePageHierarchy()
   at System.Web.Mvc.WebViewPage.ExecutePageHierarchy()
   at System.Web.WebPages.StartPage.ExecutePageHierarchy()
   at System.Web.WebPages.WebPageBase.ExecutePageHierarchy(WebPageContext pageContext, TextWriter writer, WebPageRenderingBase startPage)
   at System.Web.Mvc.ViewResultBase.ExecuteResult(ControllerContext context)
   at System.Web.Mvc.ControllerActionInvoker.<>c__DisplayClass1a.<InvokeActionResultWithFilters>b__17()
   at System.Web.Mvc.ControllerActionInvoker.InvokeActionResultFilter(IResultFilter filter, ResultExecutingContext preContext, Func`1 continuation)
   at System.Web.Mvc.ControllerActionInvoker.InvokeActionResultFilter(IResultFilter filter, ResultExecutingContext preContext, Func`1 continuation)
   at System.Web.Mvc.ControllerActionInvoker.InvokeActionResultWithFilters(ControllerContext controllerContext, IList`1 filters, ActionResult actionResult)
   at System.Web.Mvc.Async.AsyncControllerActionInvoker.<>c__DisplayClass25.<BeginInvokeAction>b__22(IAsyncResult asyncResult)
 2015-05-25 08:21:50,650 [12] INFO  StatisticalSolutions.Controllers.Base.BaseController - Application URL - /StatisticalSolutions/Base/StatisticalError 
 2015-05-25 08:21:50,652 [12] INFO  StatisticalSolutions.Controllers.Base.BaseController - Application URL - /StatisticalSolutions/Base/StatisticalError 
 2015-05-25 08:21:55,543 [9] INFO  StatisticalSolutions.Controllers.Base.BaseController - Application URL - /StatisticalSolutions/Base/StatisticalError 
 2015-05-25 08:21:55,543 [9] INFO  StatisticalSolutions.Controllers.Base.BaseController - Application URL - /StatisticalSolutions/Base/StatisticalError 
 2015-05-25 08:21:59,746 [12] INFO  StatisticalSolutions.Controllers.Base.BaseController - Application URL - /StatisticalSolutions/ 
 2015-05-25 08:22:01,431 [12] INFO  StatisticalSolutions.Controllers.Base.BaseController - Application URL - /StatisticalSolutions/Workshop/Register 
 2015-05-25 08:22:01,679 [12] INFO  StatisticalSolutions.Controllers.Base.BaseController - Application URL - /StatisticalSolutions/Workshop/Register 
 2015-05-25 08:22:01,679 [12] ERROR StatisticalSolutions.Controllers.Base.BaseController - Statistical exception message - Value cannot be null.
Parameter name: items
 2015-05-25 08:22:01,680 [12] ERROR StatisticalSolutions.Controllers.Base.BaseController - Statistical exception stack trace -    at System.Web.Mvc.SelectList..ctor(IEnumerable items, String dataValueField, String dataTextField, Object selectedValue)
   at ASP._Page_Views_Workshop_Register_cshtml.Execute() in e:\Projects\3rdPartyProjects\StatisticalSolutions\StatisticalSolutions\Views\Workshop\Register.cshtml:line 29
   at System.Web.WebPages.WebPageBase.ExecutePageHierarchy()
   at System.Web.Mvc.WebViewPage.ExecutePageHierarchy()
   at System.Web.WebPages.StartPage.ExecutePageHierarchy()
   at System.Web.WebPages.WebPageBase.ExecutePageHierarchy(WebPageContext pageContext, TextWriter writer, WebPageRenderingBase startPage)
   at System.Web.Mvc.ViewResultBase.ExecuteResult(ControllerContext context)
   at System.Web.Mvc.ControllerActionInvoker.<>c__DisplayClass1a.<InvokeActionResultWithFilters>b__17()
   at System.Web.Mvc.ControllerActionInvoker.InvokeActionResultFilter(IResultFilter filter, ResultExecutingContext preContext, Func`1 continuation)
   at System.Web.Mvc.ControllerActionInvoker.InvokeActionResultFilter(IResultFilter filter, ResultExecutingContext preContext, Func`1 continuation)
   at System.Web.Mvc.ControllerActionInvoker.InvokeActionResultWithFilters(ControllerContext controllerContext, IList`1 filters, ActionResult actionResult)
   at System.Web.Mvc.Async.AsyncControllerActionInvoker.<>c__DisplayClass25.<BeginInvokeAction>b__22(IAsyncResult asyncResult)
 2015-05-25 08:22:01,684 [9] INFO  StatisticalSolutions.Controllers.Base.BaseController - Application URL - /StatisticalSolutions/Base/StatisticalError 
 2015-05-25 08:22:01,685 [9] INFO  StatisticalSolutions.Controllers.Base.BaseController - Application URL - /StatisticalSolutions/Base/StatisticalError 
 2015-05-25 08:22:46,116 [12] INFO  StatisticalSolutions.Controllers.Base.BaseController - Application URL - /StatisticalSolutions/Base/StatisticalError 
 2015-05-25 08:22:46,117 [12] INFO  StatisticalSolutions.Controllers.Base.BaseController - Application URL - /StatisticalSolutions/Base/StatisticalError 
 2015-05-25 08:22:48,711 [8] INFO  StatisticalSolutions.Controllers.Base.BaseController - Application URL - /StatisticalSolutions/Base/StatisticalError 
 2015-05-25 08:22:48,712 [8] INFO  StatisticalSolutions.Controllers.Base.BaseController - Application URL - /StatisticalSolutions/Base/StatisticalError 
 2015-05-25 08:22:52,459 [15] INFO  StatisticalSolutions.Controllers.Base.BaseController - Application URL - /StatisticalSolutions/Workshop/Register 
 2015-05-25 08:22:52,728 [15] INFO  StatisticalSolutions.Controllers.Base.BaseController - Application URL - /StatisticalSolutions/Workshop/Register 
 2015-05-25 08:22:52,729 [15] ERROR StatisticalSolutions.Controllers.Base.BaseController - Statistical exception message - Value cannot be null.
Parameter name: items
 2015-05-25 08:22:52,730 [15] ERROR StatisticalSolutions.Controllers.Base.BaseController - Statistical exception stack trace -    at System.Web.Mvc.SelectList..ctor(IEnumerable items, String dataValueField, String dataTextField, Object selectedValue)
   at ASP._Page_Views_Workshop_Register_cshtml.Execute() in e:\Projects\3rdPartyProjects\StatisticalSolutions\StatisticalSolutions\Views\Workshop\Register.cshtml:line 29
   at System.Web.WebPages.WebPageBase.ExecutePageHierarchy()
   at System.Web.Mvc.WebViewPage.ExecutePageHierarchy()
   at System.Web.WebPages.StartPage.ExecutePageHierarchy()
   at System.Web.WebPages.WebPageBase.ExecutePageHierarchy(WebPageContext pageContext, TextWriter writer, WebPageRenderingBase startPage)
   at System.Web.Mvc.ViewResultBase.ExecuteResult(ControllerContext context)
   at System.Web.Mvc.ControllerActionInvoker.<>c__DisplayClass1a.<InvokeActionResultWithFilters>b__17()
   at System.Web.Mvc.ControllerActionInvoker.InvokeActionResultFilter(IResultFilter filter, ResultExecutingContext preContext, Func`1 continuation)
   at System.Web.Mvc.ControllerActionInvoker.InvokeActionResultFilter(IResultFilter filter, ResultExecutingContext preContext, Func`1 continuation)
   at System.Web.Mvc.ControllerActionInvoker.InvokeActionResultWithFilters(ControllerContext controllerContext, IList`1 filters, ActionResult actionResult)
   at System.Web.Mvc.Async.AsyncControllerActionInvoker.<>c__DisplayClass25.<BeginInvokeAction>b__22(IAsyncResult asyncResult)
 2015-05-25 08:22:52,735 [13] INFO  StatisticalSolutions.Controllers.Base.BaseController - Application URL - /StatisticalSolutions/Base/StatisticalError 
 2015-05-25 08:22:52,735 [13] INFO  StatisticalSolutions.Controllers.Base.BaseController - Application URL - /StatisticalSolutions/Base/StatisticalError 
 2015-05-25 08:22:55,051 [11] INFO  StatisticalSolutions.Controllers.Base.BaseController - Application URL - /StatisticalSolutions/ 
 2015-05-25 08:23:08,239 [13] INFO  StatisticalSolutions.Controllers.Base.BaseController - Application URL - /StatisticalSolutions/ 
 2015-05-25 08:23:13,742 [13] INFO  StatisticalSolutions.Controllers.Base.BaseController - Application URL - /StatisticalSolutions/Workshop/Register 
 2015-05-25 08:23:39,952 [13] INFO  StatisticalSolutions.Controllers.Base.BaseController - Application URL - /StatisticalSolutions/Workshop/Register 
 2015-05-25 08:23:39,956 [13] ERROR StatisticalSolutions.Controllers.Base.BaseController - Statistical exception message - Value cannot be null.
Parameter name: items
 2015-05-25 08:23:39,957 [13] ERROR StatisticalSolutions.Controllers.Base.BaseController - Statistical exception stack trace -    at System.Web.Mvc.SelectList..ctor(IEnumerable items, String dataValueField, String dataTextField, Object selectedValue)
   at ASP._Page_Views_Workshop_Register_cshtml.Execute() in e:\Projects\3rdPartyProjects\StatisticalSolutions\StatisticalSolutions\Views\Workshop\Register.cshtml:line 29
   at System.Web.WebPages.WebPageBase.ExecutePageHierarchy()
   at System.Web.Mvc.WebViewPage.ExecutePageHierarchy()
   at System.Web.WebPages.StartPage.ExecutePageHierarchy()
   at System.Web.WebPages.WebPageBase.ExecutePageHierarchy(WebPageContext pageContext, TextWriter writer, WebPageRenderingBase startPage)
   at System.Web.Mvc.ViewResultBase.ExecuteResult(ControllerContext context)
   at System.Web.Mvc.ControllerActionInvoker.<>c__DisplayClass1a.<InvokeActionResultWithFilters>b__17()
   at System.Web.Mvc.ControllerActionInvoker.InvokeActionResultFilter(IResultFilter filter, ResultExecutingContext preContext, Func`1 continuation)
   at System.Web.Mvc.ControllerActionInvoker.InvokeActionResultFilter(IResultFilter filter, ResultExecutingContext preContext, Func`1 continuation)
   at System.Web.Mvc.ControllerActionInvoker.InvokeActionResultWithFilters(ControllerContext controllerContext, IList`1 filters, ActionResult actionResult)
   at System.Web.Mvc.Async.AsyncControllerActionInvoker.<>c__DisplayClass25.<BeginInvokeAction>b__22(IAsyncResult asyncResult)
 2015-05-25 08:24:29,902 [12] INFO  StatisticalSolutions.Controllers.Base.BaseController - Application URL - /StatisticalSolutions/ 
 2015-05-25 08:24:57,328 [19] INFO  StatisticalSolutions.Controllers.Base.BaseController - Application URL - /StatisticalSolutions/Workshop/Register 
 2015-05-25 08:25:17,980 [15] INFO  StatisticalSolutions.Controllers.Base.BaseController - Application URL - /StatisticalSolutions/Workshop/Registration 
 2015-05-25 08:26:54,830 [23] INFO  StatisticalSolutions.Controllers.Base.BaseController - Application URL - /StatisticalSolutions/Workshop/Register 
 2015-05-25 08:27:04,768 [27] INFO  StatisticalSolutions.Controllers.Base.BaseController - Application URL - /StatisticalSolutions/ 
 2015-05-25 08:27:06,539 [23] INFO  StatisticalSolutions.Controllers.Base.BaseController - Application URL - /StatisticalSolutions/Workshop/Register 
 2015-05-25 08:27:17,897 [23] INFO  StatisticalSolutions.Controllers.Base.BaseController - Application URL - /StatisticalSolutions/Workshop/Registration 
 2015-05-25 08:40:07,420 [85] INFO  StatisticalSolutions.Controllers.Base.BaseController - Application URL - /StatisticalSolutions/ 
 2015-05-25 08:40:15,756 [75] INFO  StatisticalSolutions.Controllers.Base.BaseController - Application URL - /StatisticalSolutions/Workshop/Register 
 2015-05-25 08:40:29,676 [75] INFO  StatisticalSolutions.Controllers.Base.BaseController - Application URL - /StatisticalSolutions/Workshop/Registration 
 2015-05-25 08:40:35,455 [79] INFO  StatisticalSolutions.Controllers.Base.BaseController - Application URL - /StatisticalSolutions/Workshop/Registration 
 2015-05-25 08:44:17,803 [59] INFO  StatisticalSolutions.Controllers.Base.BaseController - Application URL - /StatisticalSolutions/ 
 2015-05-25 08:44:23,143 [59] INFO  StatisticalSolutions.Controllers.Base.BaseController - Application URL - /StatisticalSolutions/Workshop/Register 
 2015-05-25 08:44:38,613 [75] INFO  StatisticalSolutions.Controllers.Base.BaseController - Application URL - /StatisticalSolutions/Workshop/Registration 
 2015-05-25 08:44:51,885 [61] INFO  StatisticalSolutions.Controllers.Base.BaseController - Application URL - /StatisticalSolutions/Workshop/Registration 
 2015-05-25 08:46:28,984 [82] INFO  StatisticalSolutions.Controllers.Base.BaseController - Application URL - /StatisticalSolutions/Workshop/Register 
 2015-05-25 08:46:36,155 [59] INFO  StatisticalSolutions.Controllers.Base.BaseController - Application URL - /StatisticalSolutions/Workshop/Registration 
 2015-05-25 08:48:23,676 [59] INFO  StatisticalSolutions.Controllers.Base.BaseController - Application URL - /StatisticalSolutions/ 
 2015-05-25 08:48:25,789 [66] INFO  StatisticalSolutions.Controllers.Base.BaseController - Application URL - /StatisticalSolutions/Workshop/Register 
 2015-05-25 08:48:34,493 [22] INFO  StatisticalSolutions.Controllers.Base.BaseController - Application URL - /StatisticalSolutions/Workshop/Registration 
 2015-05-25 08:48:38,600 [56] INFO  StatisticalSolutions.Controllers.Base.BaseController - Application URL - /StatisticalSolutions/Workshop/Register 
 2015-05-25 08:48:43,717 [59] INFO  StatisticalSolutions.Controllers.Base.BaseController - Application URL - /StatisticalSolutions/Workshop/Registration 
 2015-05-25 08:50:16,364 [76] INFO  StatisticalSolutions.Controllers.Base.BaseController - Application URL - /StatisticalSolutions/ 
 2015-05-25 08:50:23,325 [51] INFO  StatisticalSolutions.Controllers.Base.BaseController - Application URL - /StatisticalSolutions/Workshop/Register 
 2015-05-25 08:50:36,196 [51] INFO  StatisticalSolutions.Controllers.Base.BaseController - Application URL - /StatisticalSolutions/Workshop/Registration 
 2015-05-25 08:51:00,640 [61] INFO  StatisticalSolutions.Controllers.Base.BaseController - Application URL - /StatisticalSolutions/Workshop/Register 
 2015-05-25 08:51:06,643 [56] INFO  StatisticalSolutions.Controllers.Base.BaseController - Application URL - /StatisticalSolutions/Workshop/Registration 
 2015-05-25 08:52:14,861 [5] INFO  StatisticalSolutions.Controllers.Base.BaseController - Application URL - / 
 2015-05-25 08:52:20,407 [7] INFO  StatisticalSolutions.Controllers.Base.BaseController - Application URL - /Workshop/Register 
 2015-05-25 08:52:27,352 [15] INFO  StatisticalSolutions.Controllers.Base.BaseController - Application URL - /Workshop/Registration 
 2015-05-25 08:52:47,751 [14] INFO  StatisticalSolutions.Controllers.Base.BaseController - Application URL - /Workshop/Register 
 2015-05-25 08:52:52,165 [14] INFO  StatisticalSolutions.Controllers.Base.BaseController - Application URL - /Workshop/Registration 
 2015-05-25 08:54:11,257 [7] INFO  StatisticalSolutions.Controllers.Base.BaseController - Application URL - /Workshop/Register 
 2015-05-25 08:54:16,047 [19] INFO  StatisticalSolutions.Controllers.Base.BaseController - Application URL - /Workshop/Registration 
 2015-05-25 08:56:30,270 [5] INFO  StatisticalSolutions.Controllers.Base.BaseController - Application URL - / 
 2015-05-25 08:56:41,557 [10] INFO  StatisticalSolutions.Controllers.Base.BaseController - Application URL - /Workshop/Register 
 2015-05-25 08:57:52,540 [5] INFO  StatisticalSolutions.Controllers.Base.BaseController - Application URL - / 
 2015-05-25 08:57:59,735 [10] INFO  StatisticalSolutions.Controllers.Base.BaseController - Application URL - /Workshop/Register 
 2015-05-25 08:58:07,182 [9] INFO  StatisticalSolutions.Controllers.Base.BaseController - Application URL - /Workshop/Register 
 2015-05-25 08:58:12,829 [7] INFO  StatisticalSolutions.Controllers.Base.BaseController - Application URL - /Workshop/Register 
 2015-05-25 09:00:04,859 [5] INFO  StatisticalSolutions.Controllers.Base.BaseController - Application URL - / 
 2015-05-25 09:00:10,671 [9] INFO  StatisticalSolutions.Controllers.Base.BaseController - Application URL - /Workshop/Register 
 2015-05-25 09:00:18,722 [16] INFO  StatisticalSolutions.Controllers.Base.BaseController - Application URL - /Workshop/Registration 
 2015-05-25 09:00:26,229 [14] INFO  StatisticalSolutions.Controllers.Base.BaseController - Application URL - /Workshop/Registration 
 2015-05-25 09:01:06,804 [16] INFO  StatisticalSolutions.Controllers.Base.BaseController - Application URL - /Workshop/Register 
 2015-05-25 09:01:09,914 [16] INFO  StatisticalSolutions.Controllers.Base.BaseController - Application URL - /Workshop/Registration 
 2015-05-25 09:04:43,327 [5] INFO  StatisticalSolutions.Controllers.Base.BaseController - Application URL - / 
 2015-05-25 09:04:56,574 [9] INFO  StatisticalSolutions.Controllers.Base.BaseController - Application URL - /Workshop/Register 
 2015-05-25 09:05:10,862 [10] INFO  StatisticalSolutions.Controllers.Base.BaseController - Application URL - /Workshop/Registration 
 2015-05-25 09:05:48,397 [14] INFO  StatisticalSolutions.Controllers.Base.BaseController - Application URL - /Workshop/Registration 
 2015-05-25 09:06:33,153 [14] INFO  StatisticalSolutions.Controllers.Base.BaseController - Application URL - /Workshop/Registration 
 2015-05-25 09:09:04,093 [14] INFO  StatisticalSolutions.Controllers.Base.BaseController - Application URL - /Workshop/Registration 
 2015-05-25 09:09:04,093 [14] ERROR StatisticalSolutions.Controllers.Base.BaseController - Statistical exception message - e:\Projects\3rdPartyProjects\StatisticalSolutions\StatisticalSolutions\Views\Shared\_RegisterPartial.cshtml(16): error CS1061: 'object' does not contain a definition for 'longDate' and no extension method 'longDate' accepting a first argument of type 'object' could be found (are you missing a using directive or an assembly reference?)
 2015-05-25 09:09:04,093 [14] ERROR StatisticalSolutions.Controllers.Base.BaseController - Statistical exception stack trace -    at System.Web.Compilation.AssemblyBuilder.Compile()
   at System.Web.Compilation.BuildProvidersCompiler.PerformBuild()
   at System.Web.Compilation.BuildManager.CompileWebFile(VirtualPath virtualPath)
   at System.Web.Compilation.BuildManager.GetVPathBuildResultInternal(VirtualPath virtualPath, Boolean noBuild, Boolean allowCrossApp, Boolean allowBuildInPrecompile, Boolean throwIfNotFound, Boolean ensureIsUpToDate)
   at System.Web.Compilation.BuildManager.GetVPathBuildResultWithNoAssert(HttpContext context, VirtualPath virtualPath, Boolean noBuild, Boolean allowCrossApp, Boolean allowBuildInPrecompile, Boolean throwIfNotFound, Boolean ensureIsUpToDate)
   at System.Web.Compilation.BuildManager.GetVirtualPathObjectFactory(VirtualPath virtualPath, HttpContext context, Boolean allowCrossApp, Boolean throwIfNotFound)
   at System.Web.Compilation.BuildManager.GetObjectFactory(String virtualPath, Boolean throwIfNotFound)
   at System.Web.Mvc.BuildManagerWrapper.System.Web.Mvc.IBuildManager.FileExists(String virtualPath)
   at System.Web.Mvc.BuildManagerViewEngine.FileExists(ControllerContext controllerContext, String virtualPath)
   at Microsoft.Web.Mvc.FixedRazorViewEngine.Microsoft.Web.Mvc.IViewEngineProxy.FileExists(ControllerContext controllerContext, String virtualPath)
   at Microsoft.Web.Mvc.ViewEngineFixWorker`1.FileExists(ControllerContext controllerContext, String virtualPath)
   at Microsoft.Web.Mvc.ViewEngineFixWorker`1.<>c__DisplayClass4.<GetPathFromGeneralName>b__0(String path)
   at System.Web.WebPages.DefaultDisplayMode.GetDisplayInfo(HttpContextBase httpContext, String virtualPath, Func`2 virtualPathExists)
   at System.Web.WebPages.DisplayModeProvider.<>c__DisplayClassb.<GetDisplayInfoForVirtualPath>b__8(IDisplayMode mode)
   at System.Linq.Enumerable.WhereSelectListIterator`2.MoveNext()
   at System.Linq.Enumerable.FirstOrDefault[TSource](IEnumerable`1 source, Func`2 predicate)
   at System.Web.WebPages.DisplayModeProvider.GetDisplayInfoForVirtualPath(String virtualPath, HttpContextBase httpContext, Func`2 virtualPathExists, IDisplayMode currentDisplayMode, Boolean requireConsistentDisplayMode)
   at System.Web.WebPages.DisplayModeProvider.GetDisplayInfoForVirtualPath(String virtualPath, HttpContextBase httpContext, Func`2 virtualPathExists, IDisplayMode currentDisplayMode)
   at Microsoft.Web.Mvc.ViewEngineFixWorker`1.GetPathFromGeneralName(ControllerContext controllerContext, List`1 locations, String name, String controllerName, String areaName, String cacheKey, String[]& searchedLocations)
   at Microsoft.Web.Mvc.ViewEngineFixWorker`1.GetPath(ControllerContext controllerContext, String[] locations, String[] areaLocations, String locationsPropertyName, String name, String controllerName, String cacheKeyPrefix, Boolean useCache, String[]& searchedLocations)
   at Microsoft.Web.Mvc.ViewEngineFixWorker`1.FindPartialView(ControllerContext controllerContext, String partialViewName, Boolean useCache)
   at Microsoft.Web.Mvc.FixedRazorViewEngine.FindPartialView(ControllerContext controllerContext, String partialViewName, Boolean useCache)
   at System.Web.Mvc.ViewEngineCollection.<>c__DisplayClass8.<FindPartialView>b__7(IViewEngine e)
   at System.Web.Mvc.ViewEngineCollection.Find(Func`2 lookup, Boolean trackSearchedPaths)
   at System.Web.Mvc.ViewEngineCollection.FindPartialView(ControllerContext controllerContext, String partialViewName)
   at System.Web.Mvc.HtmlHelper.FindPartialView(ViewContext viewContext, String partialViewName, ViewEngineCollection viewEngineCollection)
   at System.Web.Mvc.HtmlHelper.RenderPartialInternal(String partialViewName, ViewDataDictionary viewData, Object model, TextWriter writer, ViewEngineCollection viewEngineCollection)
   at System.Web.Mvc.Html.PartialExtensions.Partial(HtmlHelper htmlHelper, String partialViewName, Object model, ViewDataDictionary viewData)
   at System.Web.Mvc.Html.PartialExtensions.Partial(HtmlHelper htmlHelper, String partialViewName, Object model)
   at ASP._Page_Views_Workshop_Register_cshtml.Execute() in e:\Projects\3rdPartyProjects\StatisticalSolutions\StatisticalSolutions\Views\Workshop\Register.cshtml:line 17
   at System.Web.WebPages.WebPageBase.ExecutePageHierarchy()
   at System.Web.Mvc.WebViewPage.ExecutePageHierarchy()
   at System.Web.WebPages.StartPage.RunPage()
   at System.Web.WebPages.StartPage.ExecutePageHierarchy()
   at System.Web.WebPages.WebPageBase.ExecutePageHierarchy(WebPageContext pageContext, TextWriter writer, WebPageRenderingBase startPage)
   at System.Web.Mvc.RazorView.RenderView(ViewContext viewContext, TextWriter writer, Object instance)
   at System.Web.Mvc.BuildManagerCompiledView.Render(ViewContext viewContext, TextWriter writer)
   at System.Web.Mvc.ViewResultBase.ExecuteResult(ControllerContext context)
   at System.Web.Mvc.ControllerActionInvoker.InvokeActionResult(ControllerContext controllerContext, ActionResult actionResult)
   at System.Web.Mvc.ControllerActionInvoker.<>c__DisplayClass1a.<InvokeActionResultWithFilters>b__17()
   at System.Web.Mvc.ControllerActionInvoker.InvokeActionResultFilter(IResultFilter filter, ResultExecutingContext preContext, Func`1 continuation)
   at System.Web.Mvc.ControllerActionInvoker.<>c__DisplayClass1a.<>c__DisplayClass1c.<InvokeActionResultWithFilters>b__19()
   at System.Web.Mvc.ControllerActionInvoker.InvokeActionResultFilter(IResultFilter filter, ResultExecutingContext preContext, Func`1 continuation)
   at System.Web.Mvc.ControllerActionInvoker.<>c__DisplayClass1a.<>c__DisplayClass1c.<InvokeActionResultWithFilters>b__19()
   at System.Web.Mvc.ControllerActionInvoker.InvokeActionResultWithFilters(ControllerContext controllerContext, IList`1 filters, ActionResult actionResult)
   at System.Web.Mvc.Async.AsyncControllerActionInvoker.<>c__DisplayClass25.<>c__DisplayClass2a.<BeginInvokeAction>b__20()
   at System.Web.Mvc.Async.AsyncControllerActionInvoker.<>c__DisplayClass25.<BeginInvokeAction>b__22(IAsyncResult asyncResult)
 2015-05-25 09:12:23,120 [6] INFO  StatisticalSolutions.Controllers.Base.BaseController - Application URL - / 
 2015-05-25 09:12:28,243 [8] INFO  StatisticalSolutions.Controllers.Base.BaseController - Application URL - /Workshop/Register 
 2015-05-25 09:12:35,340 [10] INFO  StatisticalSolutions.Controllers.Base.BaseController - Application URL - /Workshop/Registration 
 2015-05-25 09:15:08,072 [7] INFO  StatisticalSolutions.Controllers.Base.BaseController - Application URL - / 
 2015-05-25 09:15:13,597 [7] INFO  StatisticalSolutions.Controllers.Base.BaseController - Application URL - /Workshop/Register 
 2015-05-25 09:15:20,843 [8] INFO  StatisticalSolutions.Controllers.Base.BaseController - Application URL - /Workshop/Registration 
 2015-05-25 09:15:25,848 [5] INFO  StatisticalSolutions.Controllers.Base.BaseController - Application URL - /Workshop/Registration 
 2015-05-25 09:15:27,721 [11] INFO  StatisticalSolutions.Controllers.Base.BaseController - Application URL - /Workshop/Registration 
 2015-05-25 09:15:27,792 [11] ERROR StatisticalSolutions.Controllers.Base.BaseController - Function Register Error  - Input string was not in a correct format.
 2015-05-25 09:15:27,793 [11] ERROR StatisticalSolutions.Controllers.Base.BaseController - Statistical exception message - Input string was not in a correct format.
 System.FormatException: Input string was not in a correct format.
   at System.Number.StringToNumber(String str, NumberStyles options, NumberBuffer& number, NumberFormatInfo info, Boolean parseDecimal)
   at System.Number.ParseInt32(String s, NumberStyles style, NumberFormatInfo info)
   at System.Convert.ToInt32(String value)
   at StatisticalSolutions.Controllers.WorkshopController.Registration(String id) in e:\Projects\3rdPartyProjects\StatisticalSolutions\StatisticalSolutions\Controllers\WorkshopController.cs:line 160
2015-05-25 09:15:29,301 [10] INFO  StatisticalSolutions.Controllers.Base.BaseController - Application URL - /Workshop/Registration 
 2015-05-25 09:15:30,618 [12] INFO  StatisticalSolutions.Controllers.Base.BaseController - Application URL - /Workshop/Registration 
 2015-05-25 09:16:03,630 [21] INFO  StatisticalSolutions.Controllers.Base.BaseController - Application URL - /Workshop/Registration 
 2015-05-25 09:17:10,606 [19] INFO  StatisticalSolutions.Controllers.Base.BaseController - Application URL - /Workshop/Register 
 2015-05-25 09:23:20,816 [50] INFO  StatisticalSolutions.Controllers.Base.BaseController - Application URL - / 
 2015-05-25 09:23:35,763 [53] INFO  StatisticalSolutions.Controllers.Base.BaseController - Application URL - /Workshop/Register 
 2015-05-25 09:23:42,697 [52] INFO  StatisticalSolutions.Controllers.Base.BaseController - Application URL - /Workshop/Registration 
 2015-05-25 09:27:06,778 [52] INFO  StatisticalSolutions.Controllers.Base.BaseController - Application URL - / 
 2015-05-25 09:27:13,308 [53] INFO  StatisticalSolutions.Controllers.Base.BaseController - Application URL - /Workshop/Register 
 2015-05-25 09:27:20,532 [48] INFO  StatisticalSolutions.Controllers.Base.BaseController - Application URL - /Workshop/Registration 
 2015-05-25 09:28:21,004 [50] INFO  StatisticalSolutions.Controllers.Base.BaseController - Application URL - /Workshop/Register 
 2015-05-25 09:28:25,203 [48] INFO  StatisticalSolutions.Controllers.Base.BaseController - Application URL - /Workshop/Registration 
 2015-05-25 09:29:51,101 [48] INFO  StatisticalSolutions.Controllers.Base.BaseController - Application URL - /Workshop/Register 
 2015-05-25 09:29:55,883 [53] INFO  StatisticalSolutions.Controllers.Base.BaseController - Application URL - /Workshop/Registration 
 2015-05-25 09:32:19,778 [50] INFO  StatisticalSolutions.Controllers.Base.BaseController - Application URL - /Workshop/Register 
 2015-05-25 09:32:27,093 [49] INFO  StatisticalSolutions.Controllers.Base.BaseController - Application URL - /Workshop/Registration 
 2015-05-25 09:34:06,345 [46] INFO  StatisticalSolutions.Controllers.Base.BaseController - Application URL - / 
 2015-05-25 09:34:26,470 [49] INFO  StatisticalSolutions.Controllers.Base.BaseController - Application URL - /Workshop/Register 
 2015-05-25 09:34:32,330 [49] INFO  StatisticalSolutions.Controllers.Base.BaseController - Application URL - /Workshop/Registration 
 2015-05-25 09:34:34,281 [49] INFO  StatisticalSolutions.Controllers.Base.BaseController - Application URL - /Workshop/Registration 
 2015-05-25 09:34:34,358 [53] INFO  StatisticalSolutions.Controllers.Base.BaseController - Application URL - /Workshop/Registration 
 2015-05-25 09:34:39,683 [53] INFO  StatisticalSolutions.Controllers.Base.BaseController - Application URL - /Workshop/Registration 
 2015-05-25 09:40:56,413 [52] INFO  StatisticalSolutions.Controllers.Base.BaseController - Application URL - / 
 2015-05-25 09:41:03,982 [51] INFO  StatisticalSolutions.Controllers.Base.BaseController - Application URL - /Workshop/Register 
 2015-05-25 09:41:11,690 [51] INFO  StatisticalSolutions.Controllers.Base.BaseController - Application URL - /Workshop/Registration 
 2015-05-25 09:41:16,646 [53] INFO  StatisticalSolutions.Controllers.Base.BaseController - Application URL - /Workshop/Registration 
 2015-05-25 09:41:41,776 [53] INFO  StatisticalSolutions.Controllers.Base.BaseController - Application URL - /Workshop/Register 
 2015-05-25 09:41:45,720 [53] INFO  StatisticalSolutions.Controllers.Base.BaseController - Application URL - /Workshop/Registration 
 2015-05-25 09:42:12,374 [51] INFO  StatisticalSolutions.Controllers.Base.BaseController - Application URL - /Workshop/Register 
 2015-05-25 09:42:17,098 [49] INFO  StatisticalSolutions.Controllers.Base.BaseController - Application URL - /Workshop/Registration 
 2015-05-25 09:42:30,710 [52] INFO  StatisticalSolutions.Controllers.Base.BaseController - Application URL - /Workshop/Registration 
 2015-05-25 09:43:01,596 [49] INFO  StatisticalSolutions.Controllers.Base.BaseController - Application URL - /Workshop/Register 
 2015-05-25 09:43:54,274 [49] INFO  StatisticalSolutions.Controllers.Base.BaseController - Function Register - Insetion in regastration tablr 
 2015-05-25 09:43:55,209 [49] ERROR StatisticalSolutions.Controllers.Base.BaseController - Function Register Error  - An error occurred while updating the entries. See the inner exception for details.
 2015-05-25 09:43:55,211 [49] ERROR StatisticalSolutions.Controllers.Base.BaseController - Statistical exception message - An error occurred while updating the entries. See the inner exception for details.
 System.Data.Entity.Infrastructure.DbUpdateException: An error occurred while updating the entries. See the inner exception for details. ---> System.Data.Entity.Core.UpdateException: An error occurred while updating the entries. See the inner exception for details. ---> System.Data.SqlClient.SqlException: The conversion of a datetime2 data type to a datetime data type resulted in an out-of-range value.
The statement has been terminated.
   at System.Data.SqlClient.SqlConnection.OnError(SqlException exception, Boolean breakConnection, Action`1 wrapCloseInAction)
   at System.Data.SqlClient.SqlInternalConnection.OnError(SqlException exception, Boolean breakConnection, Action`1 wrapCloseInAction)
   at System.Data.SqlClient.TdsParser.ThrowExceptionAndWarning(TdsParserStateObject stateObj, Boolean callerHasConnectionLock, Boolean asyncClose)
   at System.Data.SqlClient.TdsParser.TryRun(RunBehavior runBehavior, SqlCommand cmdHandler, SqlDataReader dataStream, BulkCopySimpleResultSet bulkCopyHandler, TdsParserStateObject stateObj, Boolean& dataReady)
   at System.Data.SqlClient.SqlDataReader.TryConsumeMetaData()
   at System.Data.SqlClient.SqlDataReader.get_MetaData()
   at System.Data.SqlClient.SqlCommand.FinishExecuteReader(SqlDataReader ds, RunBehavior runBehavior, String resetOptionsString)
   at System.Data.SqlClient.SqlCommand.RunExecuteReaderTds(CommandBehavior cmdBehavior, RunBehavior runBehavior, Boolean returnStream, Boolean async, Int32 timeout, Task& task, Boolean asyncWrite, SqlDataReader ds)
   at System.Data.SqlClient.SqlCommand.RunExecuteReader(CommandBehavior cmdBehavior, RunBehavior runBehavior, Boolean returnStream, String method, TaskCompletionSource`1 completion, Int32 timeout, Task& task, Boolean asyncWrite)
   at System.Data.SqlClient.SqlCommand.RunExecuteReader(CommandBehavior cmdBehavior, RunBehavior runBehavior, Boolean returnStream, String method)
   at System.Data.SqlClient.SqlCommand.ExecuteReader(CommandBehavior behavior, String method)
   at System.Data.SqlClient.SqlCommand.ExecuteDbDataReader(CommandBehavior behavior)
   at System.Data.Common.DbCommand.ExecuteReader(CommandBehavior behavior)
   at System.Data.Entity.Infrastructure.Interception.DbCommandDispatcher.<Reader>b__c(DbCommand t, DbCommandInterceptionContext`1 c)
   at System.Data.Entity.Infrastructure.Interception.InternalDispatcher`1.Dispatch[TTarget,TInterceptionContext,TResult](TTarget target, Func`3 operation, TInterceptionContext interceptionContext, Action`3 executing, Action`3 executed)
   at System.Data.Entity.Infrastructure.Interception.DbCommandDispatcher.Reader(DbCommand command, DbCommandInterceptionContext interceptionContext)
   at System.Data.Entity.Internal.InterceptableDbCommand.ExecuteDbDataReader(CommandBehavior behavior)
   at System.Data.Common.DbCommand.ExecuteReader(CommandBehavior behavior)
   at System.Data.Entity.Core.Mapping.Update.Internal.DynamicUpdateCommand.Execute(Dictionary`2 identifierValues, List`1 generatedValues)
   at System.Data.Entity.Core.Mapping.Update.Internal.UpdateTranslator.Update()
   --- End of inner exception stack trace ---
   at System.Data.Entity.Core.Mapping.Update.Internal.UpdateTranslator.Update()
   at System.Data.Entity.Core.EntityClient.Internal.EntityAdapter.<Update>b__2(UpdateTranslator ut)
   at System.Data.Entity.Core.EntityClient.Internal.EntityAdapter.Update[T](T noChangesResult, Func`2 updateFunction)
   at System.Data.Entity.Core.EntityClient.Internal.EntityAdapter.Update()
   at System.Data.Entity.Core.Objects.ObjectContext.<SaveChangesToStore>b__35()
   at System.Data.Entity.Core.Objects.ObjectContext.ExecuteInTransaction[T](Func`1 func, IDbExecutionStrategy executionStrategy, Boolean startLocalTransaction, Boolean releaseConnectionOnSuccess)
   at System.Data.Entity.Core.Objects.ObjectContext.SaveChangesToStore(SaveOptions options, IDbExecutionStrategy executionStrategy, Boolean startLocalTransaction)
   at System.Data.Entity.Core.Objects.ObjectContext.<>c__DisplayClass2a.<SaveChangesInternal>b__27()
   at System.Data.Entity.SqlServer.DefaultSqlExecutionStrategy.Execute[TResult](Func`1 operation)
   at System.Data.Entity.Core.Objects.ObjectContext.SaveChangesInternal(SaveOptions options, Boolean executeInExistingTransaction)
   at System.Data.Entity.Core.Objects.ObjectContext.SaveChanges(SaveOptions options)
   at System.Data.Entity.Internal.InternalContext.SaveChanges()
   --- End of inner exception stack trace ---
   at StatisticalSolutions.DataAccess.DAL.registerforseminarbystudentandseminarid(registration model) in e:\Projects\3rdPartyProjects\StatisticalSolutions\StatisticalSolutions\DataAccess\DAL.cs:line 559
   at StatisticalSolutions.Controllers.WorkshopController.Register(registration model) in e:\Projects\3rdPartyProjects\StatisticalSolutions\StatisticalSolutions\Controllers\WorkshopController.cs:line 288
2015-05-25 09:43:58,167 [43] INFO  StatisticalSolutions.Controllers.Base.BaseController - Application URL - /Workshop/Register 
 2015-05-25 09:44:08,801 [7] INFO  StatisticalSolutions.Controllers.Base.BaseController - Application URL - /Workshop/Registration 
 2015-05-25 09:44:30,581 [43] INFO  StatisticalSolutions.Controllers.Base.BaseController - Application URL - /Workshop/Register 
 2015-05-25 09:44:30,707 [45] INFO  StatisticalSolutions.Controllers.Base.BaseController - Application URL - /Workshop/register/0 
 2015-05-25 09:44:44,448 [27] INFO  StatisticalSolutions.Controllers.Base.BaseController - Application URL - /Workshop/Registration 
 2015-05-25 09:45:05,131 [7] INFO  StatisticalSolutions.Controllers.Base.BaseController - Application URL - /Workshop/Register/0 
 2015-05-25 09:45:05,287 [49] INFO  StatisticalSolutions.Controllers.Base.BaseController - Application URL - /Workshop/register/0 
 2015-05-25 09:45:19,752 [7] INFO  StatisticalSolutions.Controllers.Base.BaseController - Application URL - /Workshop/Registration 
 2015-05-25 09:46:33,228 [25] INFO  StatisticalSolutions.Controllers.Base.BaseController - Application URL - /Workshop/Register/0 
 2015-05-25 09:51:28,657 [16] INFO  StatisticalSolutions.Controllers.Base.BaseController - Application URL - / 
 2015-05-25 09:51:35,162 [14] INFO  StatisticalSolutions.Controllers.Base.BaseController - Application URL - /Workshop/Register 
 2015-05-25 09:51:42,770 [16] INFO  StatisticalSolutions.Controllers.Base.BaseController - Application URL - /Workshop/Registration 
 2015-05-25 09:52:00,779 [38] INFO  StatisticalSolutions.Controllers.Base.BaseController - Application URL - /Workshop/Register 
 2015-05-25 09:52:02,609 [14] INFO  StatisticalSolutions.Controllers.Base.BaseController - Application URL - /Workshop/register/0 
 2015-05-25 09:52:37,247 [23] INFO  StatisticalSolutions.Controllers.Base.BaseController - Application URL - /Workshop/Registration 
 2015-05-25 09:52:51,009 [38] INFO  StatisticalSolutions.Controllers.Base.BaseController - Application URL - /Workshop/Register/0 
 2015-05-25 09:52:53,246 [14] INFO  StatisticalSolutions.Controllers.Base.BaseController - Application URL - /Workshop/register/0 
 2015-05-25 09:52:58,161 [14] INFO  StatisticalSolutions.Controllers.Base.BaseController - Application URL - /Workshop/Registration 
 2015-05-25 09:53:13,552 [38] INFO  StatisticalSolutions.Controllers.Base.BaseController - Application URL - /Workshop/Register/0 
 2015-05-25 09:56:27,495 [30] INFO  StatisticalSolutions.Controllers.Base.BaseController - Application URL - / 
 2015-05-25 09:56:33,558 [19] INFO  StatisticalSolutions.Controllers.Base.BaseController - Application URL - /Workshop/RegisterNow 
 2015-05-25 09:56:45,129 [18] INFO  StatisticalSolutions.Controllers.Base.BaseController - Application URL - /Workshop/RegisterNow 
 2015-05-25 09:56:48,922 [30] INFO  StatisticalSolutions.Controllers.Base.BaseController - Application URL - /Workshop/Registration 
 2015-05-25 09:56:49,051 [30] ERROR StatisticalSolutions.Controllers.Base.BaseController - Function Register Error  - Input string was not in a correct format.
 2015-05-25 09:56:49,052 [30] ERROR StatisticalSolutions.Controllers.Base.BaseController - Statistical exception message - Input string was not in a correct format.
 System.FormatException: Input string was not in a correct format.
   at System.Number.StringToNumber(String str, NumberStyles options, NumberBuffer& number, NumberFormatInfo info, Boolean parseDecimal)
   at System.Number.ParseInt32(String s, NumberStyles style, NumberFormatInfo info)
   at System.Convert.ToInt32(String value)
   at StatisticalSolutions.Controllers.WorkshopController.Registration(String id) in e:\Projects\3rdPartyProjects\StatisticalSolutions\StatisticalSolutions\Controllers\WorkshopController.cs:line 160
2015-05-25 09:56:52,299 [30] INFO  StatisticalSolutions.Controllers.Base.BaseController - Application URL - /Workshop/Register 
 2015-05-25 09:56:59,492 [18] INFO  StatisticalSolutions.Controllers.Base.BaseController - Application URL - /Workshop/RegisterNow 
 2015-05-25 09:57:22,411 [48] INFO  StatisticalSolutions.Controllers.Base.BaseController - Application URL - /Workshop/RegisterNow 
 2015-05-25 10:00:36,653 [19] INFO  StatisticalSolutions.Controllers.Base.BaseController - Application URL - / 
 2015-05-25 10:00:43,023 [19] INFO  StatisticalSolutions.Controllers.Base.BaseController - Application URL - /Workshop/RegisterNow 
 2015-05-25 10:03:12,820 [32] INFO  StatisticalSolutions.Controllers.Base.BaseController - Application URL - / 
 2015-05-25 10:03:26,441 [6] INFO  StatisticalSolutions.Controllers.Base.BaseController - Application URL - / 
 2015-05-25 10:03:32,953 [7] INFO  StatisticalSolutions.Controllers.Base.BaseController - Application URL - /Workshop/RegisterNow 
 2015-05-25 10:03:36,964 [7] ERROR StatisticalSolutions.Controllers.Base.BaseController - Function RegisterNow Error  - Value cannot be null.
Parameter name: source
 2015-05-25 10:03:36,966 [7] ERROR StatisticalSolutions.Controllers.Base.BaseController - Statistical exception message - Value cannot be null.
Parameter name: source
 System.ArgumentNullException: Value cannot be null.
Parameter name: source
   at System.Linq.Enumerable.FirstOrDefault[TSource](IEnumerable`1 source)
   at StatisticalSolutions.Controllers.WorkshopController.RegisterNow(String name) in e:\Projects\3rdPartyProjects\StatisticalSolutions\StatisticalSolutions\Controllers\WorkshopController.cs:line 257
2015-05-25 10:04:15,363 [12] INFO  StatisticalSolutions.Controllers.Base.BaseController - Application URL - /Workshop/RegisterNow 
 2015-05-25 10:04:18,842 [12] ERROR StatisticalSolutions.Controllers.Base.BaseController - Function RegisterNow Error  - Value cannot be null.
Parameter name: source
 2015-05-25 10:04:18,842 [12] ERROR StatisticalSolutions.Controllers.Base.BaseController - Statistical exception message - Value cannot be null.
Parameter name: source
 System.ArgumentNullException: Value cannot be null.
Parameter name: source
   at System.Linq.Enumerable.FirstOrDefault[TSource](IEnumerable`1 source)
   at StatisticalSolutions.Controllers.WorkshopController.RegisterNow(String name) in e:\Projects\3rdPartyProjects\StatisticalSolutions\StatisticalSolutions\Controllers\WorkshopController.cs:line 257
2015-05-25 10:04:55,460 [14] INFO  StatisticalSolutions.Controllers.Base.BaseController - Application URL - / 
 2015-05-25 10:04:56,961 [16] INFO  StatisticalSolutions.Controllers.Base.BaseController - Application URL - /Workshop/RegisterNow 
 2015-05-25 10:05:00,760 [16] ERROR StatisticalSolutions.Controllers.Base.BaseController - Function RegisterNow Error  - Value cannot be null.
Parameter name: source
 2015-05-25 10:05:00,761 [16] ERROR StatisticalSolutions.Controllers.Base.BaseController - Statistical exception message - Value cannot be null.
Parameter name: source
 System.ArgumentNullException: Value cannot be null.
Parameter name: source
   at System.Linq.Enumerable.FirstOrDefault[TSource](IEnumerable`1 source)
   at StatisticalSolutions.Controllers.WorkshopController.RegisterNow(String name) in e:\Projects\3rdPartyProjects\StatisticalSolutions\StatisticalSolutions\Controllers\WorkshopController.cs:line 257
2015-05-25 10:05:17,409 [23] INFO  StatisticalSolutions.Controllers.Base.BaseController - Application URL - /Workshop/RegisterNow 
 2015-05-25 10:05:25,973 [23] ERROR StatisticalSolutions.Controllers.Base.BaseController - Function RegisterNow Error  - Value cannot be null.
Parameter name: source
 2015-05-25 10:05:25,973 [23] ERROR StatisticalSolutions.Controllers.Base.BaseController - Statistical exception message - Value cannot be null.
Parameter name: source
 System.ArgumentNullException: Value cannot be null.
Parameter name: source
   at System.Linq.Enumerable.FirstOrDefault[TSource](IEnumerable`1 source)
   at StatisticalSolutions.Controllers.WorkshopController.RegisterNow(String name) in e:\Projects\3rdPartyProjects\StatisticalSolutions\StatisticalSolutions\Controllers\WorkshopController.cs:line 257
2015-05-25 10:06:43,607 [26] INFO  StatisticalSolutions.Controllers.Base.BaseController - Application URL - / 
 2015-05-25 10:06:50,111 [26] INFO  StatisticalSolutions.Controllers.Base.BaseController - Application URL - /Workshop/RegisterNow 
 2015-05-25 10:07:16,998 [29] INFO  StatisticalSolutions.Controllers.Base.BaseController - Application URL - /Workshop/Register 
 2015-05-25 10:07:17,147 [29] INFO  StatisticalSolutions.Controllers.Base.BaseController - Function Register - Insetion in regastration tablr 
 2015-05-25 10:08:05,560 [29] ERROR StatisticalSolutions.Controllers.Base.BaseController - Function Register Error  - Object reference not set to an instance of an object.
 2015-05-25 10:08:05,561 [29] ERROR StatisticalSolutions.Controllers.Base.BaseController - Statistical exception message - Object reference not set to an instance of an object.
 System.NullReferenceException: Object reference not set to an instance of an object.
   at StatisticalSolutions.DataAccess.DAL.registerforseminarbystudentandseminarid(registration model) in e:\Projects\3rdPartyProjects\StatisticalSolutions\StatisticalSolutions\DataAccess\DAL.cs:line 561
   at StatisticalSolutions.Controllers.WorkshopController.Register(registration model) in e:\Projects\3rdPartyProjects\StatisticalSolutions\StatisticalSolutions\Controllers\WorkshopController.cs:line 293
2015-05-25 10:08:12,098 [23] INFO  StatisticalSolutions.Controllers.Base.BaseController - Application URL - /Workshop/Register 
 2015-05-25 10:08:12,241 [23] INFO  StatisticalSolutions.Controllers.Base.BaseController - Function Register - Insetion in regastration tablr 
 2015-05-25 10:08:21,196 [23] ERROR StatisticalSolutions.Controllers.Base.BaseController - Function Register Error  - Object reference not set to an instance of an object.
 2015-05-25 10:08:21,197 [23] ERROR StatisticalSolutions.Controllers.Base.BaseController - Statistical exception message - Object reference not set to an instance of an object.
 System.NullReferenceException: Object reference not set to an instance of an object.
   at StatisticalSolutions.DataAccess.DAL.registerforseminarbystudentandseminarid(registration model) in e:\Projects\3rdPartyProjects\StatisticalSolutions\StatisticalSolutions\DataAccess\DAL.cs:line 561
   at StatisticalSolutions.Controllers.WorkshopController.Register(registration model) in e:\Projects\3rdPartyProjects\StatisticalSolutions\StatisticalSolutions\Controllers\WorkshopController.cs:line 293
2015-05-25 10:08:41,773 [23] INFO  StatisticalSolutions.Controllers.Base.BaseController - Application URL - /Workshop/Register 
 2015-05-25 10:08:41,900 [23] INFO  StatisticalSolutions.Controllers.Base.BaseController - Function Register - Insetion in regastration tablr 
 2015-05-25 10:08:53,572 [23] ERROR StatisticalSolutions.Controllers.Base.BaseController - Function Register Error  - Object reference not set to an instance of an object.
 2015-05-25 10:08:53,573 [23] ERROR StatisticalSolutions.Controllers.Base.BaseController - Statistical exception message - Object reference not set to an instance of an object.
 System.NullReferenceException: Object reference not set to an instance of an object.
   at StatisticalSolutions.DataAccess.DAL.registerforseminarbystudentandseminarid(registration model) in e:\Projects\3rdPartyProjects\StatisticalSolutions\StatisticalSolutions\DataAccess\DAL.cs:line 561
   at StatisticalSolutions.Controllers.WorkshopController.Register(registration model) in e:\Projects\3rdPartyProjects\StatisticalSolutions\StatisticalSolutions\Controllers\WorkshopController.cs:line 293
2015-05-25 10:14:53,673 [6] INFO  StatisticalSolutions.Controllers.Base.BaseController - Application URL - / 
 2015-05-25 10:16:13,378 [9] INFO  StatisticalSolutions.Controllers.Base.BaseController - Application URL - / 
 2015-05-25 10:16:16,386 [6] INFO  StatisticalSolutions.Controllers.Base.BaseController - Application URL - /Workshop/RegisterNow 
 2015-05-25 10:16:44,302 [6] INFO  StatisticalSolutions.Controllers.Base.BaseController - Application URL - /Workshop/Register 
 2015-05-25 10:16:44,457 [6] INFO  StatisticalSolutions.Controllers.Base.BaseController - Function Register - Insetion in regastration tablr 
 2015-05-25 10:17:21,843 [6] INFO  StatisticalSolutions.Controllers.Base.BaseController - Function Register - Start of mail sending
 2015-05-25 10:17:24,898 [6] INFO  StatisticalSolutions.Controllers.Base.BaseController - Function Register - End of mail sending
 2015-05-25 10:17:53,328 [18] INFO  StatisticalSolutions.Controllers.Base.BaseController - Application URL - / 
 2015-05-25 10:25:03,715 [42] INFO  StatisticalSolutions.Controllers.Base.BaseController - Application URL - / 
 2015-05-25 10:25:09,009 [42] INFO  StatisticalSolutions.Controllers.Base.BaseController - Application URL - /Workshop/RegisterNow 
 2015-05-25 10:25:30,891 [42] INFO  StatisticalSolutions.Controllers.Base.BaseController - Application URL - /Workshop/Register 
 2015-05-25 10:26:15,207 [41] INFO  StatisticalSolutions.Controllers.Base.BaseController - Application URL - /Workshop/Register 
 2015-05-25 10:27:06,785 [31] INFO  StatisticalSolutions.Controllers.Base.BaseController - Application URL - / 
 2015-05-25 10:33:34,586 [14] INFO  StatisticalSolutions.Controllers.Base.BaseController - Application URL - / 
 2015-05-25 10:33:41,426 [19] INFO  StatisticalSolutions.Controllers.Base.BaseController - Application URL - /Workshop/RegisterNow 
 2015-05-25 10:34:06,186 [18] INFO  StatisticalSolutions.Controllers.Base.BaseController - Application URL - /Workshop/Register 
 2015-05-25 10:36:11,456 [43] INFO  StatisticalSolutions.Controllers.Base.BaseController - Application URL - / 
 2015-05-25 10:36:14,854 [31] INFO  StatisticalSolutions.Controllers.Base.BaseController - Application URL - /Workshop/RegisterNow 
 2015-05-25 10:36:36,365 [43] INFO  StatisticalSolutions.Controllers.Base.BaseController - Application URL - /Workshop/Register 
 2015-05-25 10:36:36,607 [43] INFO  StatisticalSolutions.Controllers.Base.BaseController - Function Register - Insetion in regastration tablr 
 2015-05-25 10:36:42,670 [43] INFO  StatisticalSolutions.Controllers.Base.BaseController - Function Register - Start of mail sending
 2015-05-25 10:36:43,914 [43] INFO  StatisticalSolutions.Controllers.Base.BaseController - Function Register - End of mail sending
 2015-05-25 10:47:53,772 [67] INFO  StatisticalSolutions.Controllers.Base.BaseController - Application URL - / 
 2015-05-25 10:57:11,778 [42] INFO  StatisticalSolutions.Controllers.Base.BaseController - Application URL - / 
 2015-05-25 10:57:28,248 [49] INFO  StatisticalSolutions.Controllers.Base.BaseController - Application URL - /Home/About 
 2015-05-25 10:57:29,498 [7] INFO  StatisticalSolutions.Controllers.Base.BaseController - Application URL - /Instructor/Consultants 
 2015-05-25 10:58:31,470 [7] INFO  StatisticalSolutions.Controllers.Base.BaseController - Application URL - /Instructor/Consultants 
 2015-05-25 10:58:37,599 [42] INFO  StatisticalSolutions.Controllers.Base.BaseController - Application URL - /Instructor/Consultants 
 2015-05-25 10:59:12,488 [7] INFO  StatisticalSolutions.Controllers.Base.BaseController - Application URL - /Instructor/Consultants 
 2015-05-25 10:59:37,065 [58] INFO  StatisticalSolutions.Controllers.Base.BaseController - Application URL - /Instructor/Consultants 
 2015-05-25 11:00:20,379 [32] INFO  StatisticalSolutions.Controllers.Base.BaseController - Application URL - / 
 2015-05-25 11:00:23,330 [58] INFO  StatisticalSolutions.Controllers.Base.BaseController - Application URL - /Instructor/Consultants 
 2015-05-25 11:00:24,465 [58] INFO  StatisticalSolutions.Controllers.Base.BaseController - Application URL - /Instructor/Consultants 
 2015-05-25 11:00:24,466 [58] ERROR StatisticalSolutions.Controllers.Base.BaseController - Statistical exception message - e:\Projects\3rdPartyProjects\StatisticalSolutions\StatisticalSolutions\Views\Instructor\Consultants.cshtml(43): error CS0103: The name 'path' does not exist in the current context
 2015-05-25 11:00:24,467 [58] ERROR StatisticalSolutions.Controllers.Base.BaseController - Statistical exception stack trace -    at System.Web.Compilation.AssemblyBuilder.Compile()
   at System.Web.Compilation.BuildProvidersCompiler.PerformBuild()
   at System.Web.Compilation.BuildManager.CompileWebFile(VirtualPath virtualPath)
   at System.Web.Compilation.BuildManager.GetVPathBuildResultInternal(VirtualPath virtualPath, Boolean noBuild, Boolean allowCrossApp, Boolean allowBuildInPrecompile, Boolean throwIfNotFound, Boolean ensureIsUpToDate)
   at System.Web.Compilation.BuildManager.GetVPathBuildResultWithNoAssert(HttpContext context, VirtualPath virtualPath, Boolean noBuild, Boolean allowCrossApp, Boolean allowBuildInPrecompile, Boolean throwIfNotFound, Boolean ensureIsUpToDate)
   at System.Web.Compilation.BuildManager.GetVirtualPathObjectFactory(VirtualPath virtualPath, HttpContext context, Boolean allowCrossApp, Boolean throwIfNotFound)
   at System.Web.Compilation.BuildManager.GetObjectFactory(String virtualPath, Boolean throwIfNotFound)
   at System.Web.Mvc.BuildManagerWrapper.System.Web.Mvc.IBuildManager.FileExists(String virtualPath)
   at System.Web.Mvc.BuildManagerViewEngine.FileExists(ControllerContext controllerContext, String virtualPath)
   at Microsoft.Web.Mvc.FixedRazorViewEngine.Microsoft.Web.Mvc.IViewEngineProxy.FileExists(ControllerContext controllerContext, String virtualPath)
   at Microsoft.Web.Mvc.ViewEngineFixWorker`1.FileExists(ControllerContext controllerContext, String virtualPath)
   at Microsoft.Web.Mvc.ViewEngineFixWorker`1.<>c__DisplayClass4.<GetPathFromGeneralName>b__0(String path)
   at System.Web.WebPages.DefaultDisplayMode.GetDisplayInfo(HttpContextBase httpContext, String virtualPath, Func`2 virtualPathExists)
   at System.Web.WebPages.DisplayModeProvider.<>c__DisplayClassb.<GetDisplayInfoForVirtualPath>b__8(IDisplayMode mode)
   at System.Linq.Enumerable.WhereSelectListIterator`2.MoveNext()
   at System.Linq.Enumerable.FirstOrDefault[TSource](IEnumerable`1 source, Func`2 predicate)
   at System.Web.WebPages.DisplayModeProvider.GetDisplayInfoForVirtualPath(String virtualPath, HttpContextBase httpContext, Func`2 virtualPathExists, IDisplayMode currentDisplayMode, Boolean requireConsistentDisplayMode)
   at System.Web.WebPages.DisplayModeProvider.GetDisplayInfoForVirtualPath(String virtualPath, HttpContextBase httpContext, Func`2 virtualPathExists, IDisplayMode currentDisplayMode)
   at Microsoft.Web.Mvc.ViewEngineFixWorker`1.GetPathFromGeneralName(ControllerContext controllerContext, List`1 locations, String name, String controllerName, String areaName, String cacheKey, String[]& searchedLocations)
   at Microsoft.Web.Mvc.ViewEngineFixWorker`1.GetPath(ControllerContext controllerContext, String[] locations, String[] areaLocations, String locationsPropertyName, String name, String controllerName, String cacheKeyPrefix, Boolean useCache, String[]& searchedLocations)
   at Microsoft.Web.Mvc.ViewEngineFixWorker`1.FindView(ControllerContext controllerContext, String viewName, String masterName, Boolean useCache)
   at Microsoft.Web.Mvc.FixedRazorViewEngine.FindView(ControllerContext controllerContext, String viewName, String masterName, Boolean useCache)
   at System.Web.Mvc.ViewEngineCollection.<>c__DisplayClassc.<FindView>b__b(IViewEngine e)
   at System.Web.Mvc.ViewEngineCollection.Find(Func`2 lookup, Boolean trackSearchedPaths)
   at System.Web.Mvc.ViewEngineCollection.Find(Func`2 cacheLocator, Func`2 locator)
   at System.Web.Mvc.ViewEngineCollection.FindView(ControllerContext controllerContext, String viewName, String masterName)
   at System.Web.Mvc.ViewResult.FindView(ControllerContext context)
   at System.Web.Mvc.ViewResultBase.ExecuteResult(ControllerContext context)
   at System.Web.Mvc.ControllerActionInvoker.InvokeActionResult(ControllerContext controllerContext, ActionResult actionResult)
   at System.Web.Mvc.ControllerActionInvoker.<>c__DisplayClass1a.<InvokeActionResultWithFilters>b__17()
   at System.Web.Mvc.ControllerActionInvoker.InvokeActionResultFilter(IResultFilter filter, ResultExecutingContext preContext, Func`1 continuation)
   at System.Web.Mvc.ControllerActionInvoker.<>c__DisplayClass1a.<>c__DisplayClass1c.<InvokeActionResultWithFilters>b__19()
   at System.Web.Mvc.ControllerActionInvoker.InvokeActionResultFilter(IResultFilter filter, ResultExecutingContext preContext, Func`1 continuation)
   at System.Web.Mvc.ControllerActionInvoker.<>c__DisplayClass1a.<>c__DisplayClass1c.<InvokeActionResultWithFilters>b__19()
   at System.Web.Mvc.ControllerActionInvoker.InvokeActionResultWithFilters(ControllerContext controllerContext, IList`1 filters, ActionResult actionResult)
   at System.Web.Mvc.Async.AsyncControllerActionInvoker.<>c__DisplayClass25.<>c__DisplayClass2a.<BeginInvokeAction>b__20()
   at System.Web.Mvc.Async.AsyncControllerActionInvoker.<>c__DisplayClass25.<BeginInvokeAction>b__22(IAsyncResult asyncResult)
 2015-05-25 11:00:24,502 [52] INFO  StatisticalSolutions.Controllers.Base.BaseController - Application URL - /Base/StatisticalError 
 2015-05-25 11:00:24,503 [52] INFO  StatisticalSolutions.Controllers.Base.BaseController - Application URL - /Base/StatisticalError 
 2015-05-25 11:00:52,525 [58] INFO  StatisticalSolutions.Controllers.Base.BaseController - Application URL - /Base/StatisticalError 
 2015-05-25 11:00:52,526 [58] INFO  StatisticalSolutions.Controllers.Base.BaseController - Application URL - /Base/StatisticalError 
 2015-05-25 11:00:57,977 [58] INFO  StatisticalSolutions.Controllers.Base.BaseController - Application URL - /Base/StatisticalError 
 2015-05-25 11:00:57,978 [58] INFO  StatisticalSolutions.Controllers.Base.BaseController - Application URL - /Base/StatisticalError 
 2015-05-25 11:01:22,080 [52] INFO  StatisticalSolutions.Controllers.Base.BaseController - Application URL - /Base/StatisticalError 
 2015-05-25 11:01:22,081 [52] INFO  StatisticalSolutions.Controllers.Base.BaseController - Application URL - /Base/StatisticalError 
 2015-05-25 11:01:25,607 [32] INFO  StatisticalSolutions.Controllers.Base.BaseController - Application URL - /Base/StatisticalError 
 2015-05-25 11:01:25,608 [32] INFO  StatisticalSolutions.Controllers.Base.BaseController - Application URL - /Base/StatisticalError 
 2015-05-25 11:01:42,782 [58] INFO  StatisticalSolutions.Controllers.Base.BaseController - Application URL - /Instructor/Consultants 
 2015-05-25 11:02:40,313 [54] INFO  StatisticalSolutions.Controllers.Base.BaseController - Application URL - /Instructor/Consultants 
 2015-05-25 11:04:20,348 [62] INFO  StatisticalSolutions.Controllers.Base.BaseController - Application URL - / 
 2015-05-25 11:04:25,906 [62] INFO  StatisticalSolutions.Controllers.Base.BaseController - Application URL - /Instructor/Consultants 
 2015-05-25 11:04:57,411 [50] INFO  StatisticalSolutions.Controllers.Base.BaseController - Application URL - /Instructor/Consultants 
 2015-05-25 11:07:25,822 [26] INFO  StatisticalSolutions.Controllers.Base.BaseController - Application URL - /Instructor/Consultants 
 2015-05-25 11:08:34,485 [40] INFO  StatisticalSolutions.Controllers.Base.BaseController - Application URL - /Instructor/Consultants 
 2015-05-25 11:08:54,297 [39] INFO  StatisticalSolutions.Controllers.Base.BaseController - Application URL - /Instructor/Consultants 
 2015-05-25 11:11:56,811 [78] INFO  StatisticalSolutions.Controllers.Base.BaseController - Application URL - /Instructor/Consultant/1 
 2015-05-25 11:12:22,123 [76] INFO  StatisticalSolutions.Controllers.Base.BaseController - Application URL - /Instructor/Consultant/2 
 2015-05-25 11:14:00,030 [6] INFO  StatisticalSolutions.Controllers.Base.BaseController - Application URL - /StatisticalSolutions/ 
 2015-05-25 11:14:06,326 [11] INFO  StatisticalSolutions.Controllers.Base.BaseController - Application URL - /StatisticalSolutions/Instructor/Consultants 
 2015-05-25 11:15:18,955 [12] INFO  StatisticalSolutions.Controllers.Base.BaseController - Application URL - /StatisticalSolutions/Instructor/Consultants 
 2015-05-25 11:15:23,335 [22] INFO  StatisticalSolutions.Controllers.Base.BaseController - Application URL - /StatisticalSolutions/Instructor/Consultant/1 
 2015-05-25 11:16:23,462 [12] INFO  StatisticalSolutions.Controllers.Base.BaseController - Application URL - /StatisticalSolutions/Instructor/Consultant/1 
 2015-05-25 11:16:31,648 [11] INFO  StatisticalSolutions.Controllers.Base.BaseController - Application URL - /StatisticalSolutions/Instructor/Consultant/1 
 2015-05-25 11:16:35,128 [9] INFO  StatisticalSolutions.Controllers.Base.BaseController - Application URL - /StatisticalSolutions/Instructor/Consultant/2 
 2015-05-25 11:16:39,250 [11] INFO  StatisticalSolutions.Controllers.Base.BaseController - Application URL - /StatisticalSolutions/Instructor/Consultant/1 
 2015-05-25 11:16:42,523 [13] INFO  StatisticalSolutions.Controllers.Base.BaseController - Application URL - /StatisticalSolutions/Instructor/Consultant/2 
 2015-05-25 11:16:46,094 [28] INFO  StatisticalSolutions.Controllers.Base.BaseController - Application URL - /StatisticalSolutions/Instructor/Consultant/2 
 2015-05-25 11:17:23,012 [9] INFO  StatisticalSolutions.Controllers.Base.BaseController - Application URL - /StatisticalSolutions/ 
 2015-05-25 11:17:27,244 [11] INFO  StatisticalSolutions.Controllers.Base.BaseController - Application URL - /StatisticalSolutions/Instructor/Consultants 
 2015-05-25 11:19:32,022 [34] INFO  StatisticalSolutions.Controllers.Base.BaseController - Application URL - /StatisticalSolutions/ 
 2015-05-25 11:19:40,161 [12] INFO  StatisticalSolutions.Controllers.Base.BaseController - Application URL - /StatisticalSolutions/Instructor/Consultants 
 2015-05-25 11:19:46,814 [33] INFO  StatisticalSolutions.Controllers.Base.BaseController - Application URL - /StatisticalSolutions/Instructor/Consultants 
 2015-05-25 11:19:52,286 [35] INFO  StatisticalSolutions.Controllers.Base.BaseController - Application URL - /StatisticalSolutions/Instructor/Consultant/2 
 2015-05-25 11:19:56,036 [35] INFO  StatisticalSolutions.Controllers.Base.BaseController - Application URL - /StatisticalSolutions/Instructor/Consultant/2 
 2015-05-25 11:19:58,815 [35] INFO  StatisticalSolutions.Controllers.Base.BaseController - Application URL - /StatisticalSolutions/Instructor/Consultant/1 
 2015-05-25 11:20:05,566 [8] INFO  StatisticalSolutions.Controllers.Base.BaseController - Application URL - /StatisticalSolutions/Instructor/Consultants 
 2015-05-25 11:20:58,685 [33] INFO  StatisticalSolutions.Controllers.Base.BaseController - Application URL - /StatisticalSolutions/Instructor/Consultants 
 2015-05-25 11:21:03,468 [27] INFO  StatisticalSolutions.Controllers.Base.BaseController - Application URL - /StatisticalSolutions/Instructor/Consultant/1 
 2015-05-25 11:21:05,902 [27] INFO  StatisticalSolutions.Controllers.Base.BaseController - Application URL - /StatisticalSolutions/Instructor/Consultant/1 
 2015-05-25 11:21:14,164 [27] INFO  StatisticalSolutions.Controllers.Base.BaseController - Application URL - /StatisticalSolutions/Instructor/Consultants 
 2015-05-25 11:25:27,663 [22] INFO  StatisticalSolutions.Controllers.Base.BaseController - Application URL - /StatisticalSolutions/ 
 2015-05-25 11:25:31,222 [45] INFO  StatisticalSolutions.Controllers.Base.BaseController - Application URL - /StatisticalSolutions/Instructor/Consultants 
 2015-05-25 11:25:36,548 [30] INFO  StatisticalSolutions.Controllers.Base.BaseController - Application URL - /StatisticalSolutions/Instructor/Consultant/1 
 2015-05-25 11:25:38,543 [44] INFO  StatisticalSolutions.Controllers.Base.BaseController - Application URL - /StatisticalSolutions/Instructor/Consultant/2 
 2015-05-25 11:25:48,705 [44] INFO  StatisticalSolutions.Controllers.Base.BaseController - Application URL - /StatisticalSolutions/Instructor/Consultants 
 2015-05-25 11:25:53,077 [45] INFO  StatisticalSolutions.Controllers.Base.BaseController - Application URL - /StatisticalSolutions/Instructor/Consultants 
 2015-05-25 11:31:02,268 [69] INFO  StatisticalSolutions.Controllers.Base.BaseController - Application URL - /StatisticalSolutions/ 
 2015-05-25 11:31:07,164 [69] INFO  StatisticalSolutions.Controllers.Base.BaseController - Application URL - /StatisticalSolutions/Instructor/Consultants 
 2015-05-25 11:31:21,493 [62] INFO  StatisticalSolutions.Controllers.Base.BaseController - Application URL - /StatisticalSolutions/Instructor/Consultants 
 2015-05-25 11:31:45,184 [58] INFO  StatisticalSolutions.Controllers.Base.BaseController - Application URL - /StatisticalSolutions/ 
 2015-05-25 11:34:03,854 [66] INFO  StatisticalSolutions.Controllers.Base.BaseController - Application URL - /StatisticalSolutions/ 
 2015-05-25 11:34:08,448 [59] INFO  StatisticalSolutions.Controllers.Base.BaseController - Application URL - /StatisticalSolutions/Instructor/Consultants 
 