2015-07-26 15:43:17,148 [7] INFO  StatisticalSolutions.Controllers.Base.BaseController - Application URL - /StatisticalSolutions/ 
 2015-07-26 15:50:53,468 [60] INFO  StatisticalSolutions.Controllers.Base.BaseController - Application URL - /StatisticalSolutions/ 
 2015-07-26 15:52:55,666 [6] INFO  StatisticalSolutions.Controllers.Base.BaseController - Application URL - /StatisticalSolutions/ 
 2015-07-26 16:00:30,258 [35] INFO  StatisticalSolutions.Controllers.Base.BaseController - Application URL - /StatisticalSolutions/ 
 2015-07-26 16:00:49,503 [47] INFO  StatisticalSolutions.Controllers.Base.BaseController - Application URL - /StatisticalSolutions/Instructor/Instructor 
 2015-07-26 16:00:49,778 [47] ERROR StatisticalSolutions.Controllers.Base.BaseController - Function Instructor Error  - Object reference not set to an instance of an object.
 2015-07-26 16:00:49,780 [47] ERROR StatisticalSolutions.Controllers.Base.BaseController - Statistical exception message - Object reference not set to an instance of an object.
 System.NullReferenceException: Object reference not set to an instance of an object.
   at StatisticalSolutions.Controllers.InstructorController.Instructor() in d:\Projects\3rdPartyProjects\StatisticalSolutions\StatisticalSolutions\Controllers\InstructorController.cs:line 158
2015-07-26 16:01:33,324 [47] INFO  StatisticalSolutions.Controllers.Base.BaseController - Application URL - /StatisticalSolutions/Instructor/Instructor 
 2015-07-26 16:01:33,479 [47] ERROR StatisticalSolutions.Controllers.Base.BaseController - Function Instructor Error  - Object reference not set to an instance of an object.
 2015-07-26 16:01:33,480 [47] ERROR StatisticalSolutions.Controllers.Base.BaseController - Statistical exception message - Object reference not set to an instance of an object.
 System.NullReferenceException: Object reference not set to an instance of an object.
   at StatisticalSolutions.Controllers.InstructorController.Instructor() in d:\Projects\3rdPartyProjects\StatisticalSolutions\StatisticalSolutions\Controllers\InstructorController.cs:line 158
2015-07-26 16:01:37,791 [52] INFO  StatisticalSolutions.Controllers.Base.BaseController - Application URL - /StatisticalSolutions/Instructor/Instructor 
 2015-07-26 16:01:37,957 [52] ERROR StatisticalSolutions.Controllers.Base.BaseController - Function Instructor Error  - Object reference not set to an instance of an object.
 2015-07-26 16:01:37,958 [52] ERROR StatisticalSolutions.Controllers.Base.BaseController - Statistical exception message - Object reference not set to an instance of an object.
 System.NullReferenceException: Object reference not set to an instance of an object.
   at StatisticalSolutions.Controllers.InstructorController.Instructor() in d:\Projects\3rdPartyProjects\StatisticalSolutions\StatisticalSolutions\Controllers\InstructorController.cs:line 158
2015-07-26 16:07:59,858 [26] INFO  StatisticalSolutions.Controllers.Base.BaseController - Application URL - /StatisticalSolutions/ 
 2015-07-26 16:08:41,136 [50] INFO  StatisticalSolutions.Controllers.Base.BaseController - Application URL - /StatisticalSolutions/Instructor/Instructor 
 2015-07-26 16:08:41,402 [50] ERROR StatisticalSolutions.Controllers.Base.BaseController - Function Instructor Error  - Object reference not set to an instance of an object.
 2015-07-26 16:08:41,404 [50] ERROR StatisticalSolutions.Controllers.Base.BaseController - Statistical exception message - Object reference not set to an instance of an object.
 System.NullReferenceException: Object reference not set to an instance of an object.
   at StatisticalSolutions.Controllers.InstructorController.Instructor() in d:\Projects\3rdPartyProjects\StatisticalSolutions\StatisticalSolutions\Controllers\InstructorController.cs:line 158
2015-07-26 16:08:44,375 [11] INFO  StatisticalSolutions.Controllers.Base.BaseController - Application URL - /StatisticalSolutions/Instructor/Instructor 
 2015-07-26 16:08:44,535 [11] ERROR StatisticalSolutions.Controllers.Base.BaseController - Function Instructor Error  - Object reference not set to an instance of an object.
 2015-07-26 16:08:44,535 [11] ERROR StatisticalSolutions.Controllers.Base.BaseController - Statistical exception message - Object reference not set to an instance of an object.
 System.NullReferenceException: Object reference not set to an instance of an object.
   at StatisticalSolutions.Controllers.InstructorController.Instructor() in d:\Projects\3rdPartyProjects\StatisticalSolutions\StatisticalSolutions\Controllers\InstructorController.cs:line 158
2015-07-26 16:08:46,757 [11] INFO  StatisticalSolutions.Controllers.Base.BaseController - Application URL - /StatisticalSolutions/Instructor/Instructor 
 2015-07-26 16:08:46,914 [11] ERROR StatisticalSolutions.Controllers.Base.BaseController - Function Instructor Error  - Object reference not set to an instance of an object.
 2015-07-26 16:08:46,914 [11] ERROR StatisticalSolutions.Controllers.Base.BaseController - Statistical exception message - Object reference not set to an instance of an object.
 System.NullReferenceException: Object reference not set to an instance of an object.
   at StatisticalSolutions.Controllers.InstructorController.Instructor() in d:\Projects\3rdPartyProjects\StatisticalSolutions\StatisticalSolutions\Controllers\InstructorController.cs:line 158
2015-07-26 16:09:51,297 [10] INFO  StatisticalSolutions.Controllers.Base.BaseController - Application URL - /StatisticalSolutions/ 
 2015-07-26 16:10:30,785 [10] INFO  StatisticalSolutions.Controllers.Base.BaseController - Application URL - /StatisticalSolutions/Instructor/Instructor 
 2015-07-26 16:10:31,053 [10] ERROR StatisticalSolutions.Controllers.Base.BaseController - Function Instructor Error  - Object reference not set to an instance of an object.
 2015-07-26 16:10:31,055 [10] ERROR StatisticalSolutions.Controllers.Base.BaseController - Statistical exception message - Object reference not set to an instance of an object.
 System.NullReferenceException: Object reference not set to an instance of an object.
   at StatisticalSolutions.Controllers.InstructorController.Instructor() in d:\Projects\3rdPartyProjects\StatisticalSolutions\StatisticalSolutions\Controllers\InstructorController.cs:line 158
2015-07-26 16:13:40,175 [31] INFO  StatisticalSolutions.Controllers.Base.BaseController - Application URL - /StatisticalSolutions/ 
 2015-07-26 16:13:47,969 [28] INFO  StatisticalSolutions.Controllers.Base.BaseController - Application URL - /StatisticalSolutions/Workshop/Register 
 2015-07-26 16:14:09,773 [38] INFO  StatisticalSolutions.Controllers.Base.BaseController - Application URL - /StatisticalSolutions/Instructor/Instructor 
 2015-07-26 16:14:20,304 [38] ERROR StatisticalSolutions.Controllers.Base.BaseController - Function Instructor Error  - Object reference not set to an instance of an object.
 2015-07-26 16:14:20,305 [38] ERROR StatisticalSolutions.Controllers.Base.BaseController - Statistical exception message - Object reference not set to an instance of an object.
 System.NullReferenceException: Object reference not set to an instance of an object.
   at StatisticalSolutions.Controllers.InstructorController.Instructor() in d:\Projects\3rdPartyProjects\StatisticalSolutions\StatisticalSolutions\Controllers\InstructorController.cs:line 158
2015-07-26 16:15:47,651 [44] INFO  StatisticalSolutions.Controllers.Base.BaseController - Application URL - /StatisticalSolutions/ 
 2015-07-26 16:16:06,557 [6] INFO  StatisticalSolutions.Controllers.Base.BaseController - Application URL - /StatisticalSolutions/Instructor/Instructor 
 2015-07-26 16:17:04,119 [6] ERROR StatisticalSolutions.Controllers.Base.BaseController - Function Instructor Error  - Object reference not set to an instance of an object.
 2015-07-26 16:17:04,126 [6] ERROR StatisticalSolutions.Controllers.Base.BaseController - Statistical exception message - Object reference not set to an instance of an object.
 System.NullReferenceException: Object reference not set to an instance of an object.
   at StatisticalSolutions.Controllers.InstructorController.Instructor() in d:\Projects\3rdPartyProjects\StatisticalSolutions\StatisticalSolutions\Controllers\InstructorController.cs:line 158
2015-07-26 19:55:41,075 [13] INFO  StatisticalSolutions.Controllers.Base.BaseController - Application URL - /StatisticalSolutions/ 
 2015-07-26 19:55:46,343 [10] INFO  StatisticalSolutions.Controllers.Base.BaseController - Application URL - /StatisticalSolutions/Workshop/RegisterNow 
 2015-07-26 19:55:46,700 [10] ERROR StatisticalSolutions.Controllers.Base.BaseController - Function RegisterNow Error  - Object reference not set to an instance of an object.
 2015-07-26 19:55:46,702 [10] ERROR StatisticalSolutions.Controllers.Base.BaseController - Statistical exception message - Object reference not set to an instance of an object.
 System.NullReferenceException: Object reference not set to an instance of an object.
   at StatisticalSolutions.DataAccess.DAL.getseminaridbyname(String seminarTitle) in d:\Projects\3rdPartyProjects\StatisticalSolutions\StatisticalSolutions\DataAccess\DAL.cs:line 841
   at StatisticalSolutions.Controllers.WorkshopController.RegisterNow(String name) in d:\Projects\3rdPartyProjects\StatisticalSolutions\StatisticalSolutions\Controllers\WorkshopController.cs:line 229
2015-07-26 19:55:51,188 [6] INFO  StatisticalSolutions.Controllers.Base.BaseController - Application URL - /StatisticalSolutions/Workshop/Register 
 2015-07-26 19:56:03,586 [12] INFO  StatisticalSolutions.Controllers.Base.BaseController - Application URL - /StatisticalSolutions/Workshop/Registration 
 2015-07-26 19:56:03,933 [23] INFO  StatisticalSolutions.Controllers.Base.BaseController - Application URL - /StatisticalSolutions/Workshop/Registration 
 2015-07-26 19:56:03,988 [10] INFO  StatisticalSolutions.Controllers.Base.BaseController - Application URL - /StatisticalSolutions/Workshop/Registration 
 2015-07-26 19:56:21,861 [23] INFO  StatisticalSolutions.Controllers.Base.BaseController - Application URL - /StatisticalSolutions/Workshop/Register 
 2015-07-26 19:56:25,281 [23] INFO  StatisticalSolutions.Controllers.Base.BaseController - Function Register - Insetion in regastration tablr 
 2015-07-26 19:56:32,550 [23] INFO  StatisticalSolutions.Controllers.Base.BaseController - Function Register - Start of mail sending
 2015-07-26 19:56:33,401 [23] INFO  StatisticalSolutions.Controllers.Base.BaseController - Function Register - End of mail sending
 2015-07-26 19:56:47,981 [13] INFO  StatisticalSolutions.Controllers.Base.BaseController - Application URL - /StatisticalSolutions/Workshop/RegisterNow 
 2015-07-26 19:56:48,159 [13] ERROR StatisticalSolutions.Controllers.Base.BaseController - Function RegisterNow Error  - Object reference not set to an instance of an object.
 2015-07-26 19:56:48,159 [13] ERROR StatisticalSolutions.Controllers.Base.BaseController - Statistical exception message - Object reference not set to an instance of an object.
 System.NullReferenceException: Object reference not set to an instance of an object.
   at StatisticalSolutions.DataAccess.DAL.getseminaridbyname(String seminarTitle) in d:\Projects\3rdPartyProjects\StatisticalSolutions\StatisticalSolutions\DataAccess\DAL.cs:line 841
   at StatisticalSolutions.Controllers.WorkshopController.RegisterNow(String name) in d:\Projects\3rdPartyProjects\StatisticalSolutions\StatisticalSolutions\Controllers\WorkshopController.cs:line 229
2015-07-26 19:57:35,581 [11] INFO  StatisticalSolutions.Controllers.Base.BaseController - Application URL - /StatisticalSolutions/Workshop/RegisterNow 
 2015-07-26 19:57:35,758 [11] ERROR StatisticalSolutions.Controllers.Base.BaseController - Function RegisterNow Error  - Object reference not set to an instance of an object.
 2015-07-26 19:57:35,759 [11] ERROR StatisticalSolutions.Controllers.Base.BaseController - Statistical exception message - Object reference not set to an instance of an object.
 System.NullReferenceException: Object reference not set to an instance of an object.
   at StatisticalSolutions.DataAccess.DAL.getseminaridbyname(String seminarTitle) in d:\Projects\3rdPartyProjects\StatisticalSolutions\StatisticalSolutions\DataAccess\DAL.cs:line 841
   at StatisticalSolutions.Controllers.WorkshopController.RegisterNow(String name) in d:\Projects\3rdPartyProjects\StatisticalSolutions\StatisticalSolutions\Controllers\WorkshopController.cs:line 229
2015-07-26 19:57:59,573 [13] INFO  StatisticalSolutions.Controllers.Base.BaseController - Application URL - /StatisticalSolutions/Workshop/Register 
 2015-07-26 19:58:03,815 [13] INFO  StatisticalSolutions.Controllers.Base.BaseController - Application URL - /StatisticalSolutions/Workshop/Registration 
 2015-07-26 19:58:05,788 [23] INFO  StatisticalSolutions.Controllers.Base.BaseController - Application URL - /StatisticalSolutions/Workshop/Registration 
 2015-07-26 19:58:08,967 [8] INFO  StatisticalSolutions.Controllers.Base.BaseController - Application URL - /StatisticalSolutions/Workshop/Registration 
 2015-07-26 19:58:11,024 [8] INFO  StatisticalSolutions.Controllers.Base.BaseController - Application URL - /StatisticalSolutions/Workshop/Registration 
 2015-07-26 19:58:14,014 [23] INFO  StatisticalSolutions.Controllers.Base.BaseController - Application URL - /StatisticalSolutions/Workshop/Registration 
 2015-07-26 19:58:16,278 [23] INFO  StatisticalSolutions.Controllers.Base.BaseController - Application URL - /StatisticalSolutions/Workshop/Registration 
 2015-07-26 20:09:43,646 [105] INFO  StatisticalSolutions.Controllers.Base.BaseController - Application URL - /StatisticalSolutions/Workshop/Register 
 2015-07-26 20:10:42,140 [109] INFO  StatisticalSolutions.Controllers.Base.BaseController - Application URL - /StatisticalSolutions/ 
 2015-07-26 20:12:46,554 [122] INFO  StatisticalSolutions.Controllers.Base.BaseController - Application URL - /StatisticalSolutions/ 
 2015-07-26 20:12:53,728 [105] INFO  StatisticalSolutions.Controllers.Base.BaseController - Application URL - /StatisticalSolutions/Workshop/RegisterNow 
 2015-07-26 20:12:53,911 [105] ERROR StatisticalSolutions.Controllers.Base.BaseController - Function RegisterNow Error  - Object reference not set to an instance of an object.
 2015-07-26 20:12:53,911 [105] ERROR StatisticalSolutions.Controllers.Base.BaseController - Statistical exception message - Object reference not set to an instance of an object.
 System.NullReferenceException: Object reference not set to an instance of an object.
   at StatisticalSolutions.DataAccess.DAL.getseminaridbyname(String seminarTitle) in d:\Projects\3rdPartyProjects\StatisticalSolutions\StatisticalSolutions\DataAccess\DAL.cs:line 841
   at StatisticalSolutions.Controllers.WorkshopController.RegisterNow(String name) in d:\Projects\3rdPartyProjects\StatisticalSolutions\StatisticalSolutions\Controllers\WorkshopController.cs:line 229
2015-07-26 20:12:56,523 [120] INFO  StatisticalSolutions.Controllers.Base.BaseController - Application URL - /StatisticalSolutions/ 
 2015-07-26 20:13:21,087 [62] INFO  StatisticalSolutions.Controllers.Base.BaseController - Application URL - /StatisticalSolutions/Workshop/RegisterNow 
 2015-07-26 20:13:43,881 [62] ERROR StatisticalSolutions.Controllers.Base.BaseController - Function RegisterNow Error  - Object reference not set to an instance of an object.
 2015-07-26 20:13:43,882 [62] ERROR StatisticalSolutions.Controllers.Base.BaseController - Statistical exception message - Object reference not set to an instance of an object.
 System.NullReferenceException: Object reference not set to an instance of an object.
   at StatisticalSolutions.DataAccess.DAL.getseminaridbyname(String seminarTitle) in d:\Projects\3rdPartyProjects\StatisticalSolutions\StatisticalSolutions\DataAccess\DAL.cs:line 841
   at StatisticalSolutions.Controllers.WorkshopController.RegisterNow(String name) in d:\Projects\3rdPartyProjects\StatisticalSolutions\StatisticalSolutions\Controllers\WorkshopController.cs:line 229
2015-07-26 20:13:49,128 [124] INFO  StatisticalSolutions.Controllers.Base.BaseController - Application URL - /StatisticalSolutions/ 
 2015-07-26 20:15:14,010 [121] INFO  StatisticalSolutions.Controllers.Base.BaseController - Application URL - /StatisticalSolutions/ 
 2015-07-26 20:15:16,524 [109] INFO  StatisticalSolutions.Controllers.Base.BaseController - Application URL - /StatisticalSolutions/Workshop/RegisterNow 
 2015-07-26 20:15:21,534 [109] ERROR StatisticalSolutions.Controllers.Base.BaseController - Function RegisterNow Error  - Object reference not set to an instance of an object.
 2015-07-26 20:15:21,535 [109] ERROR StatisticalSolutions.Controllers.Base.BaseController - Statistical exception message - Object reference not set to an instance of an object.
 System.NullReferenceException: Object reference not set to an instance of an object.
   at StatisticalSolutions.DataAccess.DAL.getseminaridbyname(String seminarTitle) in d:\Projects\3rdPartyProjects\StatisticalSolutions\StatisticalSolutions\DataAccess\DAL.cs:line 841
   at StatisticalSolutions.Controllers.WorkshopController.RegisterNow(String name) in d:\Projects\3rdPartyProjects\StatisticalSolutions\StatisticalSolutions\Controllers\WorkshopController.cs:line 229
2015-07-26 20:15:24,208 [121] INFO  StatisticalSolutions.Controllers.Base.BaseController - Application URL - /StatisticalSolutions/ 
 2015-07-26 20:20:41,753 [99] INFO  StatisticalSolutions.Controllers.Base.BaseController - Application URL - /StatisticalSolutions/ 
 2015-07-26 20:20:55,385 [113] INFO  StatisticalSolutions.Controllers.Base.BaseController - Application URL - /StatisticalSolutions/Workshop/RegisterNow 
 2015-07-26 20:21:57,288 [111] INFO  StatisticalSolutions.Controllers.Base.BaseController - Application URL - /StatisticalSolutions/ 
 2015-07-26 20:22:03,382 [92] INFO  StatisticalSolutions.Controllers.Base.BaseController - Application URL - /StatisticalSolutions/Workshop/RegisterNow 
 2015-07-26 20:22:18,307 [98] INFO  StatisticalSolutions.Controllers.Base.BaseController - Application URL - /StatisticalSolutions/Workshop/Registration 
 2015-07-26 20:30:09,070 [75] INFO  StatisticalSolutions.Controllers.Base.BaseController - Application URL - /StatisticalSolutions/ 
 2015-07-26 20:30:25,162 [77] INFO  StatisticalSolutions.Controllers.Base.BaseController - Application URL - /StatisticalSolutions/Workshop/RegisterNow 
 2015-07-26 20:40:27,100 [53] INFO  StatisticalSolutions.Controllers.Base.BaseController - Application URL - /StatisticalSolutions/ 
 2015-07-26 20:41:02,466 [54] INFO  StatisticalSolutions.Controllers.Base.BaseController - Application URL - /StatisticalSolutions/ 
 2015-07-26 20:41:14,836 [54] INFO  StatisticalSolutions.Controllers.Base.BaseController - Application URL - /StatisticalSolutions/Workshop/RegisterNow 
 